Component: Arm Compiler for Embedded 6.22 Tool: armlink [5ee90200]

==============================================================================

Section Cross References

    startup_stm32f10x_md.o(STACK) refers (Special) to heapauxi.o(.text) for __use_two_region_memory
    startup_stm32f10x_md.o(HEAP) refers (Special) to heapauxi.o(.text) for __use_two_region_memory
    startup_stm32f10x_md.o(RESET) refers (Special) to heapauxi.o(.text) for __use_two_region_memory
    startup_stm32f10x_md.o(RESET) refers to startup_stm32f10x_md.o(STACK) for __initial_sp
    startup_stm32f10x_md.o(RESET) refers to startup_stm32f10x_md.o(.text) for Reset_Handler
    startup_stm32f10x_md.o(RESET) refers to stm32f10x_it.o(.text.NMI_Handler) for NMI_Handler
    startup_stm32f10x_md.o(RESET) refers to stm32f10x_it.o(.text.HardFault_Handler) for HardFault_Handler
    startup_stm32f10x_md.o(RESET) refers to stm32f10x_it.o(.text.MemManage_Handler) for MemManage_Handler
    startup_stm32f10x_md.o(RESET) refers to stm32f10x_it.o(.text.BusFault_Handler) for BusFault_Handler
    startup_stm32f10x_md.o(RESET) refers to stm32f10x_it.o(.text.UsageFault_Handler) for UsageFault_Handler
    startup_stm32f10x_md.o(RESET) refers to stm32f10x_it.o(.text.SVC_Handler) for SVC_Handler
    startup_stm32f10x_md.o(RESET) refers to stm32f10x_it.o(.text.DebugMon_Handler) for DebugMon_Handler
    startup_stm32f10x_md.o(RESET) refers to stm32f10x_it.o(.text.PendSV_Handler) for PendSV_Handler
    startup_stm32f10x_md.o(RESET) refers to stm32f10x_it.o(.text.SysTick_Handler) for SysTick_Handler
    startup_stm32f10x_md.o(RESET) refers to hw_fd07_3.o(.text.TIM3_IRQHandler) for TIM3_IRQHandler
    startup_stm32f10x_md.o(RESET) refers to hw_fd07_3.o(.text.EXTI15_10_IRQHandler) for EXTI15_10_IRQHandler
    startup_stm32f10x_md.o(.text) refers (Special) to heapauxi.o(.text) for __use_two_region_memory
    startup_stm32f10x_md.o(.text) refers to system_stm32f10x.o(.text.SystemInit) for SystemInit
    startup_stm32f10x_md.o(.text) refers to __main.o(!!!main) for __main
    startup_stm32f10x_md.o(.text) refers to startup_stm32f10x_md.o(HEAP) for Heap_Mem
    startup_stm32f10x_md.o(.text) refers to startup_stm32f10x_md.o(STACK) for Stack_Mem
    system_stm32f10x.o(.ARM.exidx.text.SystemInit) refers to system_stm32f10x.o(.text.SystemInit) for [Anonymous Symbol]
    system_stm32f10x.o(.text.SystemCoreClockUpdate) refers to system_stm32f10x.o(.data.SystemCoreClock) for SystemCoreClock
    system_stm32f10x.o(.text.SystemCoreClockUpdate) refers to system_stm32f10x.o(.rodata.AHBPrescTable) for AHBPrescTable
    system_stm32f10x.o(.ARM.exidx.text.SystemCoreClockUpdate) refers to system_stm32f10x.o(.text.SystemCoreClockUpdate) for [Anonymous Symbol]
    misc.o(.ARM.exidx.text.NVIC_PriorityGroupConfig) refers to misc.o(.text.NVIC_PriorityGroupConfig) for [Anonymous Symbol]
    misc.o(.ARM.exidx.text.NVIC_Init) refers to misc.o(.text.NVIC_Init) for [Anonymous Symbol]
    misc.o(.ARM.exidx.text.NVIC_SetVectorTable) refers to misc.o(.text.NVIC_SetVectorTable) for [Anonymous Symbol]
    misc.o(.ARM.exidx.text.NVIC_SystemLPConfig) refers to misc.o(.text.NVIC_SystemLPConfig) for [Anonymous Symbol]
    misc.o(.ARM.exidx.text.SysTick_CLKSourceConfig) refers to misc.o(.text.SysTick_CLKSourceConfig) for [Anonymous Symbol]
    stm32f10x_adc.o(.text.ADC_DeInit) refers to stm32f10x_rcc.o(.text.RCC_APB2PeriphResetCmd) for RCC_APB2PeriphResetCmd
    stm32f10x_adc.o(.ARM.exidx.text.ADC_DeInit) refers to stm32f10x_adc.o(.text.ADC_DeInit) for [Anonymous Symbol]
    stm32f10x_adc.o(.ARM.exidx.text.ADC_Init) refers to stm32f10x_adc.o(.text.ADC_Init) for [Anonymous Symbol]
    stm32f10x_adc.o(.ARM.exidx.text.ADC_StructInit) refers to stm32f10x_adc.o(.text.ADC_StructInit) for [Anonymous Symbol]
    stm32f10x_adc.o(.ARM.exidx.text.ADC_Cmd) refers to stm32f10x_adc.o(.text.ADC_Cmd) for [Anonymous Symbol]
    stm32f10x_adc.o(.ARM.exidx.text.ADC_DMACmd) refers to stm32f10x_adc.o(.text.ADC_DMACmd) for [Anonymous Symbol]
    stm32f10x_adc.o(.ARM.exidx.text.ADC_ITConfig) refers to stm32f10x_adc.o(.text.ADC_ITConfig) for [Anonymous Symbol]
    stm32f10x_adc.o(.ARM.exidx.text.ADC_ResetCalibration) refers to stm32f10x_adc.o(.text.ADC_ResetCalibration) for [Anonymous Symbol]
    stm32f10x_adc.o(.ARM.exidx.text.ADC_GetResetCalibrationStatus) refers to stm32f10x_adc.o(.text.ADC_GetResetCalibrationStatus) for [Anonymous Symbol]
    stm32f10x_adc.o(.ARM.exidx.text.ADC_StartCalibration) refers to stm32f10x_adc.o(.text.ADC_StartCalibration) for [Anonymous Symbol]
    stm32f10x_adc.o(.ARM.exidx.text.ADC_GetCalibrationStatus) refers to stm32f10x_adc.o(.text.ADC_GetCalibrationStatus) for [Anonymous Symbol]
    stm32f10x_adc.o(.ARM.exidx.text.ADC_SoftwareStartConvCmd) refers to stm32f10x_adc.o(.text.ADC_SoftwareStartConvCmd) for [Anonymous Symbol]
    stm32f10x_adc.o(.ARM.exidx.text.ADC_GetSoftwareStartConvStatus) refers to stm32f10x_adc.o(.text.ADC_GetSoftwareStartConvStatus) for [Anonymous Symbol]
[...]
    Removing user_serial.o(.ARM.exidx.text.User_Serial_printf), (8 bytes).
    Removing user_serial.o(.text.User_Serial_Test), (30 bytes).
    Removing user_serial.o(.ARM.exidx.text.User_Serial_Test), (8 bytes).
    Removing user_tim.o(.text), (0 bytes).
    Removing user_tim.o(.ARM.exidx.text.User_TIM_Base_Init), (8 bytes).
    Removing user_tim.o(.text.User_TIM_OC_Init), (188 bytes).
    Removing user_tim.o(.ARM.exidx.text.User_TIM_OC_Init), (8 bytes).
    Removing user_tim.o(.text.User_TIM_OC_Start), (46 bytes).
    Removing user_tim.o(.ARM.exidx.text.User_TIM_OC_Start), (8 bytes).
    Removing user_tim.o(.text.User_TIM_IC_Init), (90 bytes).
    Removing user_tim.o(.ARM.exidx.text.User_TIM_IC_Init), (8 bytes).
    Removing user_tim.o(.text.User_TIM_IC_Start), (46 bytes).
    Removing user_tim.o(.ARM.exidx.text.User_TIM_IC_Start), (8 bytes).
    Removing user_tim.o(.text.User_TIM_Encoder_Start), (78 bytes).
    Removing user_tim.o(.ARM.exidx.text.User_TIM_Encoder_Start), (8 bytes).
    Removing hw_key.o(.text), (0 bytes).
    Removing hw_key.o(.text.HW_Key_Init), (40 bytes).
    Removing hw_key.o(.ARM.exidx.text.HW_Key_Init), (8 bytes).
    Removing hw_key.o(.text.HW_Key_GetSingle), (46 bytes).
    Removing hw_key.o(.ARM.exidx.text.HW_Key_GetSingle), (8 bytes).
    Removing hw_key.o(.text.HW_Key_Scan), (170 bytes).
    Removing hw_key.o(.ARM.exidx.text.HW_Key_Scan), (8 bytes).
    Removing hw_key.o(.text.HW_Key_GetDown), (22 bytes).
    Removing hw_key.o(.ARM.exidx.text.HW_Key_GetDown), (8 bytes).
    Removing hw_key.o(.text.HW_Key_GetTime), (12 bytes).
    Removing hw_key.o(.ARM.exidx.text.HW_Key_GetTime), (8 bytes).
    Removing hw_key.o(.rodata..L__const.HW_Key_Init.gpio), (12 bytes).
    Removing hw_key.o(.bss.down_num), (1 bytes).
    Removing hw_key.o(.bss.down_time), (2 bytes).
    Removing hw_key.o(.bss.HW_Key_Scan.last_state), (1 bytes).
    Removing hw_oled.o(.text), (0 bytes).
    Removing hw_oled.o(.text.HW_OLED_I2C_Init), (64 bytes).
    Removing hw_oled.o(.ARM.exidx.text.HW_OLED_I2C_Init), (8 bytes).
    Removing hw_oled.o(.text.HW_OLED_SPI_Init), (132 bytes).
    Removing hw_oled.o(.ARM.exidx.text.HW_OLED_SPI_Init), (8 bytes).
    Removing hw_oled.o(.text.OLED_I2C_Start), (62 bytes).
    Removing hw_oled.o(.ARM.exidx.text.OLED_I2C_Start), (8 bytes).
    Removing hw_oled.o(.text.OLED_I2C_Stop), (50 bytes).
    Removing hw_oled.o(.ARM.exidx.text.OLED_I2C_Stop), (8 bytes).
    Removing hw_oled.o(.ARM.exidx.text.OLED_I2C_SendByte), (8 bytes).
    Removing hw_oled.o(.ARM.exidx.text.OLED_I2C_WriteCommand), (8 bytes).
    Removing hw_oled.o(.ARM.exidx.text.OLED_I2C_WriteData), (8 bytes).
    Removing hw_oled.o(.text.OLED_SPI_SendByte), (66 bytes).
    Removing hw_oled.o(.ARM.exidx.text.OLED_SPI_SendByte), (8 bytes).
    Removing hw_oled.o(.text.OLED_SPI_WriteCommand), (110 bytes).
    Removing hw_oled.o(.ARM.exidx.text.OLED_SPI_WriteCommand), (8 bytes).
    Removing hw_oled.o(.text.OLED_SPI_WriteData), (130 bytes).
    Removing hw_oled.o(.ARM.exidx.text.OLED_SPI_WriteData), (8 bytes).
    Removing hw_oled.o(.ARM.exidx.text.HW_OLED_Init), (8 bytes).
    Removing hw_oled.o(.text.OLED_Clear), (20 bytes).
    Removing hw_oled.o(.ARM.exidx.text.OLED_Clear), (8 bytes).
    Removing hw_oled.o(.text.OLED_Update), (54 bytes).
    Removing hw_oled.o(.ARM.exidx.text.OLED_Update), (8 bytes).
    Removing hw_oled.o(.text.OLED_SetCursor), (32 bytes).
    Removing hw_oled.o(.ARM.exidx.text.OLED_SetCursor), (8 bytes).
    Removing hw_oled.o(.text.OLED_Pow), (22 bytes).
    Removing hw_oled.o(.ARM.exidx.text.OLED_Pow), (8 bytes).
    Removing hw_oled.o(.text.OLED_pnpoly), (128 bytes).
    Removing hw_oled.o(.ARM.exidx.text.OLED_pnpoly), (8 bytes).
    Removing hw_oled.o(.text.OLED_IsInAngle), (124 bytes).
    Removing hw_oled.o(.ARM.exidx.text.OLED_IsInAngle), (8 bytes).
    Removing hw_oled.o(.text.OLED_UpdateArea), (132 bytes).
    Removing hw_oled.o(.ARM.exidx.text.OLED_UpdateArea), (8 bytes).
    Removing hw_oled.o(.text.OLED_ClearArea), (110 bytes).
    Removing hw_oled.o(.ARM.exidx.text.OLED_ClearArea), (8 bytes).
    Removing hw_oled.o(.text.OLED_Reverse), (48 bytes).
    Removing hw_oled.o(.ARM.exidx.text.OLED_Reverse), (8 bytes).
    Removing hw_oled.o(.text.OLED_ReverseArea), (106 bytes).
    Removing hw_oled.o(.ARM.exidx.text.OLED_ReverseArea), (8 bytes).
    Removing hw_oled.o(.text.OLED_ShowChar), (70 bytes).
    Removing hw_oled.o(.ARM.exidx.text.OLED_ShowChar), (8 bytes).
    Removing hw_oled.o(.text.OLED_ShowImage), (298 bytes).
    Removing hw_oled.o(.ARM.exidx.text.OLED_ShowImage), (8 bytes).
    Removing hw_oled.o(.text.OLED_ShowString), (478 bytes).
    Removing hw_oled.o(.ARM.exidx.text.OLED_ShowString), (8 bytes).
    Removing hw_oled.o(.text.OLED_ShowNum), (188 bytes).
    Removing hw_oled.o(.ARM.exidx.text.OLED_ShowNum), (8 bytes).
    Removing hw_oled.o(.text.OLED_ShowSignedNum), (312 bytes).
    Removing hw_oled.o(.ARM.exidx.text.OLED_ShowSignedNum), (8 bytes).
    Removing hw_oled.o(.text.OLED_ShowHexNum), (222 bytes).
    Removing hw_oled.o(.ARM.exidx.text.OLED_ShowHexNum), (8 bytes).
    Removing hw_oled.o(.text.OLED_ShowBinNum), (160 bytes).
    Removing hw_oled.o(.ARM.exidx.text.OLED_ShowBinNum), (8 bytes).
    Removing hw_oled.o(.text.OLED_ShowFloatNum), (676 bytes).
    Removing hw_oled.o(.ARM.exidx.text.OLED_ShowFloatNum), (8 bytes).
    Removing hw_oled.o(.text.OLED_Printf), (40 bytes).
    Removing hw_oled.o(.ARM.exidx.text.OLED_Printf), (8 bytes).
    Removing hw_oled.o(.text.OLED_DrawPoint), (48 bytes).
    Removing hw_oled.o(.ARM.exidx.text.OLED_DrawPoint), (8 bytes).
    Removing hw_oled.o(.text.OLED_GetPoint), (46 bytes).
    Removing hw_oled.o(.ARM.exidx.text.OLED_GetPoint), (8 bytes).
    Removing hw_oled.o(.text.OLED_DrawLine), (708 bytes).
    Removing hw_oled.o(.ARM.exidx.text.OLED_DrawLine), (8 bytes).
    Removing hw_oled.o(.text.OLED_DrawRectangle), (336 bytes).
    Removing hw_oled.o(.ARM.exidx.text.OLED_DrawRectangle), (8 bytes).
    Removing hw_oled.o(.text.OLED_DrawTriangle), (360 bytes).
    Removing hw_oled.o(.ARM.exidx.text.OLED_DrawTriangle), (8 bytes).
    Removing hw_oled.o(.text.OLED_DrawCircle), (1192 bytes).
    Removing hw_oled.o(.ARM.exidx.text.OLED_DrawCircle), (8 bytes).
    Removing hw_oled.o(.text.OLED_DrawEllipse), (1670 bytes).
    Removing hw_oled.o(.ARM.exidx.text.OLED_DrawEllipse), (8 bytes).
    Removing hw_oled.o(.text.OLED_DrawArc), (2532 bytes).
    Removing hw_oled.o(.ARM.exidx.text.OLED_DrawArc), (8 bytes).
    Removing hw_oled.o(.ARM.exidx.text.HW_OLED_Show), (8 bytes).
    Removing hw_oled.o(.rodata..L__const.HW_OLED_I2C_Init.oled_pins), (12 bytes).
    Removing hw_signal.o(.text), (0 bytes).
    Removing hw_signal.o(.ARM.exidx.text.HW_Signal_On), (8 bytes).
    Removing hw_signal.o(.ARM.exidx.text.HW_Signal_Off), (8 bytes).
    Removing hw_signal.o(.text.HW_Signal_Toggle), (46 bytes).
    Removing hw_signal.o(.ARM.exidx.text.HW_Signal_Toggle), (8 bytes).
    Removing hw_signal.o(.ARM.exidx.text.HW_Signal_Init), (8 bytes).
    Removing hw_timestamp.o(.text), (0 bytes).
    Removing hw_timestamp.o(.text.HW_Timestamp_Init), (54 bytes).
    Removing hw_timestamp.o(.ARM.exidx.text.HW_Timestamp_Init), (8 bytes).
    Removing hw_serial.o(.text), (0 bytes).
    Removing hw_serial.o(.ARM.exidx.text.HW_USART1_Control), (8 bytes).
    Removing hw_serial.o(.bss.rx_buffer_head), (1 bytes).
    Removing hw_serial.o(.bss.rx_buffer_tail), (1 bytes).
    Removing hw_serial.o(.bss.rx_offset), (1 bytes).
    Removing hw_serial.o(.bss.rx_head_count), (1 bytes).
    Removing hw_serial.o(.bss.tx_buffer), (180 bytes).
    Removing hw_serial.o(.bss.rx_data_use_ptr), (4 bytes).
    Removing hw_serial.o(.bss.rx_buffer), (180 bytes).
    Removing hw_oled_data.o(.text), (0 bytes).
    Removing hw_oled_data.o(.rodata.OLED_F8x16), (1520 bytes).
    Removing hw_oled_data.o(.rodata.OLED_F6x8), (570 bytes).
    Removing hw_oled_data.o(.rodata.OLED_CF16x16), (259 bytes).
    Removing hw_oled_data.o(.rodata.Diode), (32 bytes).
    Removing hw_fd07_3.o(.text), (0 bytes).
    Removing hw_fd07_3.o(.ARM.exidx.text.HW_FD07_3_Init), (8 bytes).
    Removing hw_fd07_3.o(.ARM.exidx.text.FD07_3_Start), (8 bytes).
    Removing hw_fd07_3.o(.text.FD07_3_Send_Data), (56 bytes).
    Removing hw_fd07_3.o(.ARM.exidx.text.FD07_3_Send_Data), (8 bytes).
    Removing hw_fd07_3.o(.ARM.exidx.text.FD07_3_Get_Dist), (8 bytes).
    Removing hw_fd07_3.o(.text.FD07_3_Get_ITNum), (30 bytes).
    Removing hw_fd07_3.o(.ARM.exidx.text.FD07_3_Get_ITNum), (8 bytes).
    Removing hw_fd07_3.o(.ARM.exidx.text.EXTI15_10_IRQHandler), (8 bytes).
    Removing hw_fd07_3.o(.ARM.exidx.text.TIM3_IRQHandler), (8 bytes).
    Removing main.o(.text), (0 bytes).
    Removing main.o(.text.User_HW_Init), (146 bytes).
    Removing main.o(.ARM.exidx.text.User_HW_Init), (8 bytes).
    Removing main.o(.ARM.exidx.text.main), (8 bytes).
    Removing main.o(.bss.timestamp), (8 bytes).
    Removing main.o(.ARM.use_no_argv), (4 bytes).
    Removing stm32f10x_it.o(.text), (0 bytes).
    Removing stm32f10x_it.o(.ARM.exidx.text.NMI_Handler), (8 bytes).
    Removing stm32f10x_it.o(.ARM.exidx.text.HardFault_Handler), (8 bytes).
    Removing stm32f10x_it.o(.ARM.exidx.text.MemManage_Handler), (8 bytes).
    Removing stm32f10x_it.o(.ARM.exidx.text.BusFault_Handler), (8 bytes).
    Removing stm32f10x_it.o(.ARM.exidx.text.UsageFault_Handler), (8 bytes).
    Removing stm32f10x_it.o(.ARM.exidx.text.SVC_Handler), (8 bytes).
    Removing stm32f10x_it.o(.ARM.exidx.text.DebugMon_Handler), (8 bytes).
    Removing stm32f10x_it.o(.ARM.exidx.text.PendSV_Handler), (8 bytes).
    Removing stm32f10x_it.o(.ARM.exidx.text.SysTick_Handler), (8 bytes).

1170 unused section(s) (total 40213 bytes) removed from the image.

==============================================================================

Image Symbol Table

    Local Symbols

    Symbol Name                              Value     Ov Type        Size  Object(Section)

    ../CMSIS/startup/MDK/startup_stm32f10x_md.s 0x00000000   Number         0  startup_stm32f10x_md.o ABSOLUTE
    ../clib/angel/boardlib.s                 0x00000000   Number         0  boardinit1.o ABSOLUTE
    ../clib/angel/boardlib.s                 0x00000000   Number         0  boardinit2.o ABSOLUTE
    ../clib/angel/boardlib.s                 0x00000000   Number         0  boardinit3.o ABSOLUTE
    ../clib/angel/boardlib.s                 0x00000000   Number         0  boardshut.o ABSOLUTE
    ../clib/angel/handlers.s                 0x00000000   Number         0  __scatter_copy.o ABSOLUTE
    ../clib/angel/handlers.s                 0x00000000   Number         0  __scatter_zi.o ABSOLUTE
    ../clib/angel/kernel.s                   0x00000000   Number         0  __rtentry.o ABSOLUTE
    ../clib/angel/kernel.s                   0x00000000   Number         0  __rtentry2.o ABSOLUTE
    ../clib/angel/kernel.s                   0x00000000   Number         0  __rtentry4.o ABSOLUTE
    ../clib/angel/kernel.s                   0x00000000   Number         0  rtexit.o ABSOLUTE
    ../clib/angel/kernel.s                   0x00000000   Number         0  rtexit2.o ABSOLUTE
    ../clib/angel/rt.s                       0x00000000   Number         0  rt_errno_addr.o ABSOLUTE
    ../clib/angel/rt.s                       0x00000000   Number         0  rt_errno_addr_intlibspace.o ABSOLUTE
    ../clib/angel/rt.s                       0x00000000   Number         0  rt_ctype_table.o ABSOLUTE
    ../clib/angel/rt.s                       0x00000000   Number         0  rt_locale.o ABSOLUTE
    ../clib/angel/rt.s                       0x00000000   Number         0  rt_locale_intlibspace.o ABSOLUTE
    ../clib/angel/rt.s                       0x00000000   Number         0  rt_raise.o ABSOLUTE
    ../clib/angel/scatter.s                  0x00000000   Number         0  __scatter.o ABSOLUTE
    ../clib/angel/startup.s                  0x00000000   Number         0  __main.o ABSOLUTE
    ../clib/angel/sys.s                      0x00000000   Number         0  libspace.o ABSOLUTE
    ../clib/angel/sys.s                      0x00000000   Number         0  sys_stackheap_outer.o ABSOLUTE
    ../clib/angel/sys.s                      0x00000000   Number         0  use_no_semi.o ABSOLUTE
    ../clib/angel/sys.s                      0x00000000   Number         0  indicate_semi.o ABSOLUTE
    ../clib/angel/sysapp.c                   0x00000000   Number         0  sys_exit.o ABSOLUTE
    ../clib/angel/sysapp.c                   0x00000000   Number         0  sys_exit_hlt.o ABSOLUTE
    ../clib/angel/sysapp.c                   0x00000000   Number         0  sys_command.o ABSOLUTE
    ../clib/angel/sysapp.c                   0x00000000   Number         0  sys_command_hlt.o ABSOLUTE
    ../clib/angel/sysapp.c                   0x00000000   Number         0  sys_wrch.o ABSOLUTE
    ../clib/angel/sysapp.c                   0x00000000   Number         0  sys_wrch_hlt.o ABSOLUTE
    ../clib/armsys.c                         0x00000000   Number         0  argv_veneer.o ABSOLUTE
    ../clib/armsys.c                         0x00000000   Number         0  argv_veneer.o ABSOLUTE
    ../clib/armsys.c                         0x00000000   Number         0  _get_argv_nomalloc.o ABSOLUTE
    ../clib/armsys.c                         0x00000000   Number         0  no_argv.o ABSOLUTE
    ../clib/bigflt.c                         0x00000000   Number         0  bigflt0.o ABSOLUTE
    ../clib/btod.s                           0x00000000   Number         0  btod.o ABSOLUTE
    ../clib/btod_accurate.c                  0x00000000   Number         0  btod_accurate.o ABSOLUTE
    ../clib/btod_accurate.c                  0x00000000   Number         0  btod_accurate_common.o ABSOLUTE
    ../clib/fenv.c                           0x00000000   Number         0  _rserrno.o ABSOLUTE
    ../clib/heapalloc.c                      0x00000000   Number         0  hrguard.o ABSOLUTE
    ../clib/heapaux.c                        0x00000000   Number         0  heapauxi.o ABSOLUTE
    ../clib/libinit.s                        0x00000000   Number         0  libinit.o ABSOLUTE
    ../clib/libinit.s                        0x00000000   Number         0  libinit2.o ABSOLUTE
    ../clib/libinit.s                        0x00000000   Number         0  libshutdown.o ABSOLUTE
    ../clib/libinit.s                        0x00000000   Number         0  libshutdown2.o ABSOLUTE
    ../clib/locale.c                         0x00000000   Number         0  _c16rtomb.o ABSOLUTE
    ../clib/locale.s                         0x00000000   Number         0  lc_numeric_c.o ABSOLUTE
    ../clib/locale.s                         0x00000000   Number         0  lc_ctype_c.o ABSOLUTE
    ../clib/longlong.s                       0x00000000   Number         0  lludiv10.o ABSOLUTE
    ../clib/longlong.s                       0x00000000   Number         0  llushr.o ABSOLUTE
    ../clib/memcpset.s                       0x00000000   Number         0  rt_memclr_w.o ABSOLUTE
    ../clib/memcpset.s                       0x00000000   Number         0  strcmpv7m.o ABSOLUTE
    ../clib/misc.s                           0x00000000   Number         0  printf_stubs.o ABSOLUTE
    ../clib/printf.c                         0x00000000   Number         0  vsprintf.o ABSOLUTE
    ../clib/printf.c                         0x00000000   Number         0  __printf.o ABSOLUTE
    ../clib/printf.c                         0x00000000   Number         0  _printf_pad.o ABSOLUTE
    ../clib/printf.c                         0x00000000   Number         0  _printf_truncate.o ABSOLUTE
    ../clib/printf.c                         0x00000000   Number         0  _printf_str.o ABSOLUTE
    ../clib/printf.c                         0x00000000   Number         0  _printf_dec.o ABSOLUTE
    ../clib/printf.c                         0x00000000   Number         0  _printf_charcount.o ABSOLUTE
    ../clib/printf.c                         0x00000000   Number         0  _printf_char_common.o ABSOLUTE
    ../clib/printf.c                         0x00000000   Number         0  _sputc.o ABSOLUTE
    ../clib/printf.c                         0x00000000   Number         0  _printf_wctomb.o ABSOLUTE
    ../clib/printf.c                         0x00000000   Number         0  _printf_longlong_dec.o ABSOLUTE
    ../clib/printf.c                         0x00000000   Number         0  _printf_oct_ll.o ABSOLUTE
    ../clib/printf.c                         0x00000000   Number         0  _printf_oct_int.o ABSOLUTE
    ../clib/printf.c                         0x00000000   Number         0  _printf_oct_int_ll.o ABSOLUTE
    ../clib/printf.c                         0x00000000   Number         0  _printf_hex_ll.o ABSOLUTE
    ../clib/printf.c                         0x00000000   Number         0  _printf_hex_int.o ABSOLUTE
    ../clib/printf.c                         0x00000000   Number         0  _printf_hex_int_ll.o ABSOLUTE
    ../clib/printf.c                         0x00000000   Number         0  _printf_hex_ptr.o ABSOLUTE
    ../clib/printf.c                         0x00000000   Number         0  _printf_hex_int_ptr.o ABSOLUTE
    ../clib/printf.c                         0x00000000   Number         0  _printf_hex_ll_ptr.o ABSOLUTE
    ../clib/printf.c                         0x00000000   Number         0  _printf_hex_int_ll_ptr.o ABSOLUTE
    ../clib/printf.c                         0x00000000   Number         0  __printf_flags.o ABSOLUTE
    ../clib/printf.c                         0x00000000   Number         0  __printf_ss.o ABSOLUTE
    ../clib/printf.c                         0x00000000   Number         0  __printf_flags_ss.o ABSOLUTE
    ../clib/printf.c                         0x00000000   Number         0  __printf_wp.o ABSOLUTE
    ../clib/printf.c                         0x00000000   Number         0  __printf_flags_wp.o ABSOLUTE
    ../clib/printf.c                         0x00000000   Number         0  __printf_ss_wp.o ABSOLUTE
    ../clib/printf.c                         0x00000000   Number         0  __printf_flags_ss_wp.o ABSOLUTE
    ../clib/printf.c                         0x00000000   Number         0  _printf_intcommon.o ABSOLUTE
    ../clib/printf.c                         0x00000000   Number         0  _printf_fp_dec.o ABSOLUTE
    ../clib/printf.c                         0x00000000   Number         0  _printf_fp_dec_accurate.o ABSOLUTE
    ../clib/printf.c                         0x00000000   Number         0  _printf_fp_hex.o ABSOLUTE
    ../clib/printf.c                         0x00000000   Number         0  __printf_nopercent.o ABSOLUTE
    ../clib/printf.c                         0x00000000   Number         0  _printf_char.o ABSOLUTE
    ../clib/printf.c                         0x00000000   Number         0  _printf_wchar.o ABSOLUTE
    ../clib/printf.c                         0x00000000   Number         0  _printf_fp_infnan.o ABSOLUTE
    ../clib/printf_percent.s                 0x00000000   Number         0  _printf_c.o ABSOLUTE
    ../clib/printf_percent.s                 0x00000000   Number         0  _printf_s.o ABSOLUTE
    ../clib/printf_percent.s                 0x00000000   Number         0  _printf_n.o ABSOLUTE
    ../clib/printf_percent.s                 0x00000000   Number         0  _printf_x.o ABSOLUTE
    ../clib/printf_percent.s                 0x00000000   Number         0  _printf_p.o ABSOLUTE
    ../clib/printf_percent.s                 0x00000000   Number         0  _printf_o.o ABSOLUTE
    ../clib/printf_percent.s                 0x00000000   Number         0  _printf_i.o ABSOLUTE
    ../clib/printf_percent.s                 0x00000000   Number         0  _printf_d.o ABSOLUTE
    ../clib/printf_percent.s                 0x00000000   Number         0  _printf_u.o ABSOLUTE
    ../clib/printf_percent.s                 0x00000000   Number         0  _printf_f.o ABSOLUTE
    ../clib/printf_percent.s                 0x00000000   Number         0  _printf_e.o ABSOLUTE
    ../clib/printf_percent.s                 0x00000000   Number         0  _printf_g.o ABSOLUTE
    ../clib/printf_percent.s                 0x00000000   Number         0  _printf_a.o ABSOLUTE
    ../clib/printf_percent.s                 0x00000000   Number         0  _printf_percent.o ABSOLUTE
    ../clib/printf_percent.s                 0x00000000   Number         0  _printf_lli.o ABSOLUTE
    ../clib/printf_percent.s                 0x00000000   Number         0  _printf_lld.o ABSOLUTE
    ../clib/printf_percent.s                 0x00000000   Number         0  _printf_llu.o ABSOLUTE
    ../clib/printf_percent.s                 0x00000000   Number         0  _printf_ll.o ABSOLUTE
    ../clib/printf_percent.s                 0x00000000   Number         0  _printf_l.o ABSOLUTE
    ../clib/printf_percent.s                 0x00000000   Number         0  _printf_lc.o ABSOLUTE
    ../clib/printf_percent.s                 0x00000000   Number         0  _printf_ls.o ABSOLUTE
    ../clib/printf_percent.s                 0x00000000   Number         0  _printf_llo.o ABSOLUTE
    ../clib/printf_percent.s                 0x00000000   Number         0  _printf_llx.o ABSOLUTE
    ../clib/printf_percent.s                 0x00000000   Number         0  _printf_percent_end.o ABSOLUTE
    ../clib/signal.c                         0x00000000   Number         0  defsig_rtmem_outer.o ABSOLUTE
    ../clib/signal.c                         0x00000000   Number         0  defsig_rtmem_formal.o ABSOLUTE
    ../clib/signal.c                         0x00000000   Number         0  defsig_exit.o ABSOLUTE
    ../clib/signal.c                         0x00000000   Number         0  defsig_rtmem_inner.o ABSOLUTE
    ../clib/signal.c                         0x00000000   Number         0  __raise.o ABSOLUTE
    ../clib/signal.c                         0x00000000   Number         0  defsig_general.o ABSOLUTE
    ../clib/signal.c                         0x00000000   Number         0  defsig_abrt_inner.o ABSOLUTE
    ../clib/signal.c                         0x00000000   Number         0  defsig_fpe_inner.o ABSOLUTE
    ../clib/signal.c                         0x00000000   Number         0  defsig_rtred_inner.o ABSOLUTE
    ../clib/signal.c                         0x00000000   Number         0  defsig_stak_inner.o ABSOLUTE
    ../clib/signal.c                         0x00000000   Number         0  defsig_pvfn_inner.o ABSOLUTE
    ../clib/signal.c                         0x00000000   Number         0  defsig_cppl_inner.o ABSOLUTE
    ../clib/signal.c                         0x00000000   Number         0  defsig_segv_inner.o ABSOLUTE
    ../clib/signal.c                         0x00000000   Number         0  defsig_other.o ABSOLUTE
    ../clib/signal.s                         0x00000000   Number         0  defsig.o ABSOLUTE
    ../clib/stdlib.c                         0x00000000   Number         0  exit.o ABSOLUTE
    ../fplib/d2f.s                           0x00000000   Number         0  d2f.o ABSOLUTE
    ../fplib/daddsub.s                       0x00000000   Number         0  daddsub_clz.o ABSOLUTE
    ../fplib/dcheck1.s                       0x00000000   Number         0  dcheck1.o ABSOLUTE
    ../fplib/dcmp.s                          0x00000000   Number         0  dcmp.o ABSOLUTE
    ../fplib/dcmpi.s                         0x00000000   Number         0  dcmpi.o ABSOLUTE
    ../fplib/ddiv.s                          0x00000000   Number         0  ddiv.o ABSOLUTE
    ../fplib/deqf.s                          0x00000000   Number         0  deqf.o ABSOLUTE
    ../fplib/dfix.s                          0x00000000   Number         0  dfix.o ABSOLUTE
    ../fplib/dfixu.s                         0x00000000   Number         0  dfixu.o ABSOLUTE
    ../fplib/dflt.s                          0x00000000   Number         0  dflt_clz.o ABSOLUTE
    ../fplib/dgeqf.s                         0x00000000   Number         0  dgeqf.o ABSOLUTE
    ../fplib/dleqf.s                         0x00000000   Number         0  dleqf.o ABSOLUTE
    ../fplib/dmul.s                          0x00000000   Number         0  dmul.o ABSOLUTE
    ../fplib/dnaninf.s                       0x00000000   Number         0  dnaninf.o ABSOLUTE
    ../fplib/dretinf.s                       0x00000000   Number         0  dretinf.o ABSOLUTE
    ../fplib/drleqf.s                        0x00000000   Number         0  drleqf.o ABSOLUTE
    ../fplib/drnd.s                          0x00000000   Number         0  drnd.o ABSOLUTE
    ../fplib/faddsub.s                       0x00000000   Number         0  faddsub_clz.o ABSOLUTE
    ../fplib/fcmp.s                          0x00000000   Number         0  fcmp.o ABSOLUTE
    ../fplib/fcmpi.s                         0x00000000   Number         0  fcmpi.o ABSOLUTE
    ../fplib/feqf.s                          0x00000000   Number         0  feqf.o ABSOLUTE
    ../fplib/fflt.s                          0x00000000   Number         0  fflt_clz.o ABSOLUTE
    ../fplib/fgeqf.s                         0x00000000   Number         0  fgeqf.o ABSOLUTE
    ../fplib/fleqf.s                         0x00000000   Number         0  fleqf.o ABSOLUTE
    ../fplib/fmul.s                          0x00000000   Number         0  fmul.o ABSOLUTE
    ../fplib/fnaninf.s                       0x00000000   Number         0  fnaninf.o ABSOLUTE
    ../fplib/fpinit.s                        0x00000000   Number         0  fpinit.o ABSOLUTE
    ../fplib/fpinit_empty.s                  0x00000000   Number         0  fpinit_empty.o ABSOLUTE
    ../fplib/fretinf.s                       0x00000000   Number         0  fretinf.o ABSOLUTE
    ../fplib/istatus.s                       0x00000000   Number         0  istatus.o ABSOLUTE
    ../fplib/printf1.s                       0x00000000   Number         0  printf1.o ABSOLUTE
    ../fplib/printf2.s                       0x00000000   Number         0  printf2.o ABSOLUTE
    ../fplib/printf2a.s                      0x00000000   Number         0  printf2a.o ABSOLUTE
    ../fplib/printf2b.s                      0x00000000   Number         0  printf2b.o ABSOLUTE
    ../fplib/retnan.s                        0x00000000   Number         0  retnan.o ABSOLUTE
    ../fplib/scalbn.s                        0x00000000   Number         0  scalbn.o ABSOLUTE
    ../fplib/trapv.s                         0x00000000   Number         0  trapv.o ABSOLUTE
    ../fplib/usenofp.s                       0x00000000   Number         0  usenofp.o ABSOLUTE
    ../mathlib/atan.c                        0x00000000   Number         0  atan.o ABSOLUTE
    ../mathlib/atan2.c                       0x00000000   Number         0  atan2.o ABSOLUTE
    ../mathlib/dunder.c                      0x00000000   Number         0  dunder.o ABSOLUTE
    ../mathlib/fpclassify.c                  0x00000000   Number         0  fpclassify.o ABSOLUTE
    ../mathlib/poly.c                        0x00000000   Number         0  poly.o ABSOLUTE
    ../mathlib/qnan.c                        0x00000000   Number         0  qnan.o ABSOLUTE
    ../mathlib/round.c                       0x00000000   Number         0  round.o ABSOLUTE
    dc.s                                     0x00000000   Number         0  dc.o ABSOLUTE
    hw_fd07_3.c                              0x00000000   Number         0  hw_fd07_3.o ABSOLUTE
    hw_i2c.c                                 0x00000000   Number         0  hw_i2c.o ABSOLUTE
    hw_key.c                                 0x00000000   Number         0  hw_key.o ABSOLUTE
    hw_oled.c                                0x00000000   Number         0  hw_oled.o ABSOLUTE
    hw_oled_data.c                           0x00000000   Number         0  hw_oled_data.o ABSOLUTE
    hw_serial.c                              0x00000000   Number         0  hw_serial.o ABSOLUTE
    hw_signal.c                              0x00000000   Number         0  hw_signal.o ABSOLUTE
    hw_timestamp.c                           0x00000000   Number         0  hw_timestamp.o ABSOLUTE
    lowpass_filter.c                         0x00000000   Number         0  lowpass_filter.o ABSOLUTE
    main.c                                   0x00000000   Number         0  main.o ABSOLUTE
    misc.c                                   0x00000000   Number         0  misc.o ABSOLUTE
    pid.c                                    0x00000000   Number         0  pid.o ABSOLUTE
    stm32f10x_adc.c                          0x00000000   Number         0  stm32f10x_adc.o ABSOLUTE
    stm32f10x_bkp.c                          0x00000000   Number         0  stm32f10x_bkp.o ABSOLUTE
    stm32f10x_can.c                          0x00000000   Number         0  stm32f10x_can.o ABSOLUTE
    stm32f10x_cec.c                          0x00000000   Number         0  stm32f10x_cec.o ABSOLUTE
    stm32f10x_crc.c                          0x00000000   Number         0  stm32f10x_crc.o ABSOLUTE
    stm32f10x_dac.c                          0x00000000   Number         0  stm32f10x_dac.o ABSOLUTE
    stm32f10x_dbgmcu.c                       0x00000000   Number         0  stm32f10x_dbgmcu.o ABSOLUTE
    stm32f10x_dma.c                          0x00000000   Number         0  stm32f10x_dma.o ABSOLUTE
    stm32f10x_exti.c                         0x00000000   Number         0  stm32f10x_exti.o ABSOLUTE
    stm32f10x_flash.c                        0x00000000   Number         0  stm32f10x_flash.o ABSOLUTE
    stm32f10x_fsmc.c                         0x00000000   Number         0  stm32f10x_fsmc.o ABSOLUTE
    stm32f10x_gpio.c                         0x00000000   Number         0  stm32f10x_gpio.o ABSOLUTE
    stm32f10x_i2c.c                          0x00000000   Number         0  stm32f10x_i2c.o ABSOLUTE
    stm32f10x_it.c                           0x00000000   Number         0  stm32f10x_it.o ABSOLUTE
    stm32f10x_iwdg.c                         0x00000000   Number         0  stm32f10x_iwdg.o ABSOLUTE
    stm32f10x_pwr.c                          0x00000000   Number         0  stm32f10x_pwr.o ABSOLUTE
    stm32f10x_rcc.c                          0x00000000   Number         0  stm32f10x_rcc.o ABSOLUTE
    stm32f10x_rtc.c                          0x00000000   Number         0  stm32f10x_rtc.o ABSOLUTE
    stm32f10x_sdio.c                         0x00000000   Number         0  stm32f10x_sdio.o ABSOLUTE
    stm32f10x_spi.c                          0x00000000   Number         0  stm32f10x_spi.o ABSOLUTE
    stm32f10x_tim.c                          0x00000000   Number         0  stm32f10x_tim.o ABSOLUTE
    stm32f10x_usart.c                        0x00000000   Number         0  stm32f10x_usart.o ABSOLUTE
    stm32f10x_wwdg.c                         0x00000000   Number         0  stm32f10x_wwdg.o ABSOLUTE
    sw_i2c.c                                 0x00000000   Number         0  sw_i2c.o ABSOLUTE
    system_stm32f10x.c                       0x00000000   Number         0  system_stm32f10x.o ABSOLUTE
    user_adc.c                               0x00000000   Number         0  user_adc.o ABSOLUTE
    user_delay.c                             0x00000000   Number         0  user_delay.o ABSOLUTE
    user_dma.c                               0x00000000   Number         0  user_dma.o ABSOLUTE
    user_exti.c                              0x00000000   Number         0  user_exti.o ABSOLUTE
    user_gpio.c                              0x00000000   Number         0  user_gpio.o ABSOLUTE
    user_i2c.c                               0x00000000   Number         0  user_i2c.o ABSOLUTE
    user_nvic.c                              0x00000000   Number         0  user_nvic.o ABSOLUTE
    user_serial.c                            0x00000000   Number         0  user_serial.o ABSOLUTE
    user_tim.c                               0x00000000   Number         0  user_tim.o ABSOLUTE
    RESET                                    0x08000000   Section      236  startup_stm32f10x_md.o(RESET)
    !!!main                                  0x080000ec   Section        8  __main.o(!!!main)
    !!!scatter                               0x080000f4   Section       92  __scatter.o(!!!scatter)
    !!handler_copy                           0x08000150   Section       26  __scatter_copy.o(!!handler_copy)
    !!handler_null                           0x0800016c   Section        2  __scatter.o(!!handler_null)
    !!handler_zi                             0x08000170   Section       28  __scatter_zi.o(!!handler_zi)
    .ARM.Collect$$libinit$$00000000          0x0800018c   Section        2  libinit.o(.ARM.Collect$$libinit$$00000000)
    .ARM.Collect$$libinit$$00000002          0x0800018e   Section        0  libinit2.o(.ARM.Collect$$libinit$$00000002)
    .ARM.Collect$$libinit$$00000004          0x0800018e   Section        0  libinit2.o(.ARM.Collect$$libinit$$00000004)
    .ARM.Collect$$libinit$$00000006          0x0800018e   Section        0  libinit2.o(.ARM.Collect$$libinit$$00000006)
    .ARM.Collect$$libinit$$0000000C          0x0800018e   Section        0  libinit2.o(.ARM.Collect$$libinit$$0000000C)
    .ARM.Collect$$libinit$$0000000E          0x0800018e   Section        0  libinit2.o(.ARM.Collect$$libinit$$0000000E)
    .ARM.Collect$$libinit$$00000010          0x0800018e   Section        0  libinit2.o(.ARM.Collect$$libinit$$00000010)
    .ARM.Collect$$libinit$$00000013          0x0800018e   Section        0  libinit2.o(.ARM.Collect$$libinit$$00000013)
    .ARM.Collect$$libinit$$00000015          0x0800018e   Section        0  libinit2.o(.ARM.Collect$$libinit$$00000015)
    .ARM.Collect$$libinit$$00000017          0x0800018e   Section        0  libinit2.o(.ARM.Collect$$libinit$$00000017)
    .ARM.Collect$$libinit$$00000019          0x0800018e   Section        0  libinit2.o(.ARM.Collect$$libinit$$00000019)
    .ARM.Collect$$libinit$$0000001B          0x0800018e   Section        0  libinit2.o(.ARM.Collect$$libinit$$0000001B)
    .ARM.Collect$$libinit$$0000001D          0x0800018e   Section        0  libinit2.o(.ARM.Collect$$libinit$$0000001D)
    .ARM.Collect$$libinit$$0000001F          0x0800018e   Section        0  libinit2.o(.ARM.Collect$$libinit$$0000001F)
    .ARM.Collect$$libinit$$00000021          0x0800018e   Section        0  libinit2.o(.ARM.Collect$$libinit$$00000021)
    .ARM.Collect$$libinit$$00000023          0x0800018e   Section        0  libinit2.o(.ARM.Collect$$libinit$$00000023)
    .ARM.Collect$$libinit$$00000025          0x0800018e   Section        0  libinit2.o(.ARM.Collect$$libinit$$00000025)
    .ARM.Collect$$libinit$$00000027          0x0800018e   Section        0  libinit2.o(.ARM.Collect$$libinit$$00000027)
    .ARM.Collect$$libinit$$0000002E          0x0800018e   Section        0  libinit2.o(.ARM.Collect$$libinit$$0000002E)
    .ARM.Collect$$libinit$$00000030          0x0800018e   Section        0  libinit2.o(.ARM.Collect$$libinit$$00000030)
    .ARM.Collect$$libinit$$00000032          0x0800018e   Section        0  libinit2.o(.ARM.Collect$$libinit$$00000032)
    .ARM.Collect$$libinit$$00000034          0x0800018e   Section        0  libinit2.o(.ARM.Collect$$libinit$$00000034)
    .ARM.Collect$$libinit$$00000035          0x0800018e   Section        2  libinit2.o(.ARM.Collect$$libinit$$00000035)
    .ARM.Collect$$libshutdown$$00000000      0x08000190   Section        2  libshutdown.o(.ARM.Collect$$libshutdown$$00000000)
    .ARM.Collect$$libshutdown$$00000002      0x08000192   Section        0  libshutdown2.o(.ARM.Collect$$libshutdown$$00000002)
    .ARM.Collect$$libshutdown$$00000004      0x08000192   Section        0  libshutdown2.o(.ARM.Collect$$libshutdown$$00000004)
    .ARM.Collect$$libshutdown$$00000007      0x08000192   Section        0  libshutdown2.o(.ARM.Collect$$libshutdown$$00000007)
    .ARM.Collect$$libshutdown$$0000000A      0x08000192   Section        0  libshutdown2.o(.ARM.Collect$$libshutdown$$0000000A)
    .ARM.Collect$$libshutdown$$0000000C      0x08000192   Section        0  libshutdown2.o(.ARM.Collect$$libshutdown$$0000000C)
    .ARM.Collect$$libshutdown$$0000000F      0x08000192   Section        0  libshutdown2.o(.ARM.Collect$$libshutdown$$0000000F)
    .ARM.Collect$$libshutdown$$00000010      0x08000192   Section        2  libshutdown2.o(.ARM.Collect$$libshutdown$$00000010)
    .ARM.Collect$$rtentry$$00000000          0x08000194   Section        0  __rtentry.o(.ARM.Collect$$rtentry$$00000000)
    .ARM.Collect$$rtentry$$00000002          0x08000194   Section        0  __rtentry2.o(.ARM.Collect$$rtentry$$00000002)
    .ARM.Collect$$rtentry$$00000004          0x08000194   Section        6  __rtentry4.o(.ARM.Collect$$rtentry$$00000004)
    .ARM.Collect$$rtentry$$00000009          0x0800019a   Section        0  __rtentry2.o(.ARM.Collect$$rtentry$$00000009)
    .ARM.Collect$$rtentry$$0000000A          0x0800019a   Section        4  __rtentry2.o(.ARM.Collect$$rtentry$$0000000A)
    .ARM.Collect$$rtentry$$0000000C          0x0800019e   Section        0  __rtentry2.o(.ARM.Collect$$rtentry$$0000000C)
    .ARM.Collect$$rtentry$$0000000D          0x0800019e   Section        8  __rtentry2.o(.ARM.Collect$$rtentry$$0000000D)
    .ARM.Collect$$rtexit$$00000000           0x080001a6   Section        2  rtexit.o(.ARM.Collect$$rtexit$$00000000)
    .ARM.Collect$$rtexit$$00000002           0x080001a8   Section        0  rtexit2.o(.ARM.Collect$$rtexit$$00000002)
    .ARM.Collect$$rtexit$$00000003           0x080001a8   Section        4  rtexit2.o(.ARM.Collect$$rtexit$$00000003)
    .ARM.Collect$$rtexit$$00000004           0x080001ac   Section        6  rtexit2.o(.ARM.Collect$$rtexit$$00000004)
    .text                                    0x080001b4   Section       64  startup_stm32f10x_md.o(.text)
    .text                                    0x080001f4   Section       78  rt_memclr_w.o(.text)
    .text                                    0x08000242   Section        0  heapauxi.o(.text)
    .text                                    0x08000248   Section        8  libspace.o(.text)
    .text                                    0x08000250   Section       74  sys_stackheap_outer.o(.text)
    .text                                    0x0800029a   Section        0  exit.o(.text)
    .text                                    0x080002ac   Section        0  sys_exit.o(.text)
    .text                                    0x080002b8   Section        2  use_no_semi.o(.text)
    .text                                    0x080002ba   Section        0  indicate_semi.o(.text)
    [Anonymous Symbol]                       0x080002bc   Section        0  stm32f10x_it.o(.text.BusFault_Handler)
    [Anonymous Symbol]                       0x080002c0   Section        0  stm32f10x_it.o(.text.DebugMon_Handler)
    [Anonymous Symbol]                       0x080002c4   Section        0  hw_fd07_3.o(.text.EXTI15_10_IRQHandler)
    [Anonymous Symbol]                       0x0800034c   Section        0  stm32f10x_exti.o(.text.EXTI_ClearITPendingBit)
    [Anonymous Symbol]                       0x08000358   Section        0  stm32f10x_exti.o(.text.EXTI_GetITStatus)
    [Anonymous Symbol]                       0x08000378   Section        0  stm32f10x_exti.o(.text.EXTI_Init)
    [Anonymous Symbol]                       0x080003e0   Section        0  stm32f10x_exti.o(.text.EXTI_StructInit)
    [Anonymous Symbol]                       0x080003f0   Section        0  hw_fd07_3.o(.text.FD07_3_Get_Dist)
    [Anonymous Symbol]                       0x080004b0   Section        0  hw_fd07_3.o(.text.FD07_3_Start)
    [Anonymous Symbol]                       0x080004d4   Section        0  lowpass_filter.o(.text.Find_Median)
    [Anonymous Symbol]                       0x0800052c   Section        0  stm32f10x_gpio.o(.text.GPIO_EXTILineConfig)
    [Anonymous Symbol]                       0x08000564   Section        0  stm32f10x_gpio.o(.text.GPIO_Init)
    [Anonymous Symbol]                       0x08000620   Section        0  stm32f10x_gpio.o(.text.GPIO_PinRemapConfig)
    [Anonymous Symbol]                       0x080006a0   Section        0  stm32f10x_gpio.o(.text.GPIO_ReadInputDataBit)
    [Anonymous Symbol]                       0x080006ac   Section        0  stm32f10x_gpio.o(.text.GPIO_ResetBits)
    [Anonymous Symbol]                       0x080006b0   Section        0  stm32f10x_gpio.o(.text.GPIO_SetBits)
    [Anonymous Symbol]                       0x080006b4   Section        0  stm32f10x_gpio.o(.text.GPIO_StructInit)
    [Anonymous Symbol]                       0x080006c0   Section        0  stm32f10x_gpio.o(.text.GPIO_WriteBit)
    [Anonymous Symbol]                       0x080006cc   Section        0  hw_fd07_3.o(.text.HW_FD07_3_Init)
    [Anonymous Symbol]                       0x08000728   Section        0  hw_oled.o(.text.HW_OLED_Init)
    [Anonymous Symbol]                       0x0800082c   Section        0  hw_oled.o(.text.HW_OLED_Show)
    [Anonymous Symbol]                       0x08000830   Section        0  hw_signal.o(.text.HW_Signal_Init)
    [Anonymous Symbol]                       0x0800085c   Section        0  hw_signal.o(.text.HW_Signal_Off)
    [Anonymous Symbol]                       0x0800087c   Section        0  hw_signal.o(.text.HW_Signal_On)
    [Anonymous Symbol]                       0x0800089c   Section        0  hw_serial.o(.text.HW_USART1_Control)
    [Anonymous Symbol]                       0x08000920   Section        0  stm32f10x_it.o(.text.HardFault_Handler)
    [Anonymous Symbol]                       0x08000924   Section        0  stm32f10x_it.o(.text.MemManage_Handler)
    [Anonymous Symbol]                       0x08000928   Section        0  stm32f10x_it.o(.text.NMI_Handler)
    [Anonymous Symbol]                       0x0800092c   Section        0  misc.o(.text.NVIC_Init)
    [Anonymous Symbol]                       0x0800098c   Section        0  misc.o(.text.NVIC_PriorityGroupConfig)
    [Anonymous Symbol]                       0x080009a0   Section        0  hw_oled.o(.text.OLED_I2C_SendByte)
    [Anonymous Symbol]                       0x080009fc   Section        0  hw_oled.o(.text.OLED_I2C_WriteCommand)
    [Anonymous Symbol]                       0x08000ab0   Section        0  hw_oled.o(.text.OLED_I2C_WriteData)
    [Anonymous Symbol]                       0x08000b34   Section        0  stm32f10x_it.o(.text.PendSV_Handler)
    [Anonymous Symbol]                       0x08000b38   Section        0  stm32f10x_rcc.o(.text.RCC_AHBPeriphClockCmd)
    [Anonymous Symbol]                       0x08000b50   Section        0  stm32f10x_rcc.o(.text.RCC_APB1PeriphClockCmd)
    [Anonymous Symbol]                       0x08000b68   Section        0  stm32f10x_rcc.o(.text.RCC_APB2PeriphClockCmd)
    [Anonymous Symbol]                       0x08000b80   Section        0  stm32f10x_rcc.o(.text.RCC_GetClocksFreq)
    [Anonymous Symbol]                       0x08000c0c   Section        0  stm32f10x_it.o(.text.SVC_Handler)
    [Anonymous Symbol]                       0x08000c10   Section        0  stm32f10x_it.o(.text.SysTick_Handler)
    [Anonymous Symbol]                       0x08000c14   Section        0  system_stm32f10x.o(.text.SystemInit)
    [Anonymous Symbol]                       0x08000d24   Section        0  hw_fd07_3.o(.text.TIM3_IRQHandler)
    [Anonymous Symbol]                       0x08000d48   Section        0  stm32f10x_tim.o(.text.TIM_ClearITPendingBit)
    [Anonymous Symbol]                       0x08000d50   Section        0  stm32f10x_tim.o(.text.TIM_Cmd)
    [Anonymous Symbol]                       0x08000d64   Section        0  stm32f10x_tim.o(.text.TIM_GetCounter)
    [Anonymous Symbol]                       0x08000d68   Section        0  stm32f10x_tim.o(.text.TIM_GetITStatus)
    [Anonymous Symbol]                       0x08000d80   Section        0  stm32f10x_tim.o(.text.TIM_ITConfig)
    [Anonymous Symbol]                       0x08000d90   Section        0  stm32f10x_tim.o(.text.TIM_InternalClockConfig)
    [Anonymous Symbol]                       0x08000d9c   Section        0  stm32f10x_tim.o(.text.TIM_SetCounter)
    [Anonymous Symbol]                       0x08000da0   Section        0  stm32f10x_tim.o(.text.TIM_TimeBaseInit)
    [Anonymous Symbol]                       0x08000e4c   Section        0  stm32f10x_tim.o(.text.TIM_TimeBaseStructInit)
    [Anonymous Symbol]                       0x08000e60   Section        0  stm32f10x_usart.o(.text.USART_Cmd)
    [Anonymous Symbol]                       0x08000e74   Section        0  stm32f10x_usart.o(.text.USART_GetFlagStatus)
    [Anonymous Symbol]                       0x08000e80   Section        0  stm32f10x_usart.o(.text.USART_ITConfig)
    [Anonymous Symbol]                       0x08000eb0   Section        0  stm32f10x_usart.o(.text.USART_Init)
    [Anonymous Symbol]                       0x08000f68   Section        0  stm32f10x_usart.o(.text.USART_SendData)
    [Anonymous Symbol]                       0x08000f70   Section        0  stm32f10x_it.o(.text.UsageFault_Handler)
    [Anonymous Symbol]                       0x08000f74   Section        0  user_delay.o(.text.User_Delay_Ms)
    [Anonymous Symbol]                       0x08000fb4   Section        0  user_exti.o(.text.User_EXTI_Init)
    [Anonymous Symbol]                       0x08000fe0   Section        0  user_gpio.o(.text.User_GPIO_All_Init)
    [Anonymous Symbol]                       0x08001044   Section        0  user_nvic.o(.text.User_NVIC_All_Init)
    [Anonymous Symbol]                       0x0800108c   Section        0  user_serial.o(.text.User_Serial_Init)
    [Anonymous Symbol]                       0x080010c8   Section        0  user_serial.o(.text.User_Serial_SendByte)
    [Anonymous Symbol]                       0x080010e0   Section        0  user_tim.o(.text.User_TIM_Base_Init)
    [Anonymous Symbol]                       0x08001118   Section        0  main.o(.text.main)
    .L__const.User_HW_Init.nvic_group        0x08001208   Data          24  main.o(.rodata..L__const.User_HW_Init.nvic_group)
    ADCPrescTable                            0x08001220   Data           4  stm32f10x_rcc.o(.rodata.ADCPrescTable)
    [Anonymous Symbol]                       0x08001220   Section        0  stm32f10x_rcc.o(.rodata.ADCPrescTable)
    APBAHBPrescTable                         0x08001224   Data          16  stm32f10x_rcc.o(.rodata.APBAHBPrescTable)
    [Anonymous Symbol]                       0x08001224   Section        0  stm32f10x_rcc.o(.rodata.APBAHBPrescTable)
    .bss                                     0x20000040   Section       96  libspace.o(.bss)
    Heap_Mem                                 0x200004f0   Data         512  startup_stm32f10x_md.o(HEAP)
    HEAP                                     0x200004f0   Section      512  startup_stm32f10x_md.o(HEAP)
    Stack_Mem                                0x200006f0   Data        1024  startup_stm32f10x_md.o(STACK)
    STACK                                    0x200006f0   Section     1024  startup_stm32f10x_md.o(STACK)
    __initial_sp                             0x20000af0   Data           0  startup_stm32f10x_md.o(STACK)

    Global Symbols

    Symbol Name                              Value     Ov Type        Size  Object(Section)

    BuildAttributes$$THM_ISAv4$P$D$K$B$S$PE$A:L22UL41UL21$X:L11$S22US41US21$IEEE1$IW$~IW$USESV6$~STKCKD$USESV7$~SHL$OTIME$ROPI$IEEEX$EBA8$UX$STANDARDLIB$REQ8$PRES8$EABIv2 0x00000000   Number         0  anon$$obj.o ABSOLUTE
    __fp_init_empty                          0x00000000   Number         0  fpinit_empty.o ABSOLUTE
    _printf_flags                            0x00000000   Number         0  printf_stubs.o ABSOLUTE
    _printf_return_value                     0x00000000   Number         0  printf_stubs.o ABSOLUTE
    _printf_sizespec                         0x00000000   Number         0  printf_stubs.o ABSOLUTE
    _printf_widthprec                        0x00000000   Number         0  printf_stubs.o ABSOLUTE
    __ARM_exceptions_init                     - Undefined Weak Reference
    __alloca_initialize                       - Undefined Weak Reference
    __arm_preinit_                            - Undefined Weak Reference
    __arm_relocate_pie_                       - Undefined Weak Reference
    __cpp_initialize__aeabi_                  - Undefined Weak Reference
    __cxa_finalize                            - Undefined Weak Reference
    __sigvec_lookup                           - Undefined Weak Reference
    _atexit_init                              - Undefined Weak Reference
    _call_atexit_fns                          - Undefined Weak Reference
    _clock_init                               - Undefined Weak Reference
    _fp_trap_init                             - Undefined Weak Reference
    _fp_trap_shutdown                         - Undefined Weak Reference
    _get_lc_collate                           - Undefined Weak Reference
    _get_lc_monetary                          - Undefined Weak Reference
    _get_lc_time                              - Undefined Weak Reference
    _getenv_init                              - Undefined Weak Reference
    _handle_redirection                       - Undefined Weak Reference
    _init_alloc                               - Undefined Weak Reference
    _init_user_alloc                          - Undefined Weak Reference
    _initio                                   - Undefined Weak Reference
    _printf_mbtowc                            - Undefined Weak Reference
    _printf_wc                                - Undefined Weak Reference
    _rand_init                                - Undefined Weak Reference
    _signal_finish                            - Undefined Weak Reference
    _signal_init                              - Undefined Weak Reference
    _terminate_alloc                          - Undefined Weak Reference
    _terminate_user_alloc                     - Undefined Weak Reference
    _terminateio                              - Undefined Weak Reference
    __Vectors_Size                           0x000000ec   Number         0  startup_stm32f10x_md.o ABSOLUTE
    __Vectors                                0x08000000   Data           4  startup_stm32f10x_md.o(RESET)
    __Vectors_End                            0x080000ec   Data           0  startup_stm32f10x_md.o(RESET)
    __main                                   0x080000ed   Thumb Code     8  __main.o(!!!main)
    __scatterload                            0x080000f5   Thumb Code     0  __scatter.o(!!!scatter)
    __scatterload_rt2                        0x080000f5   Thumb Code    84  __scatter.o(!!!scatter)
    __scatterload_rt2_thumb_only             0x080000f5   Thumb Code     0  __scatter.o(!!!scatter)
    __scatterload_loop                       0x080000ff   Thumb Code     0  __scatter.o(!!!scatter)
    __scatterload_copy                       0x08000151   Thumb Code    26  __scatter_copy.o(!!handler_copy)
    __scatterload_null                       0x0800016d   Thumb Code     2  __scatter.o(!!handler_null)
    __scatterload_zeroinit                   0x08000171   Thumb Code    28  __scatter_zi.o(!!handler_zi)
    __rt_lib_init                            0x0800018d   Thumb Code     0  libinit.o(.ARM.Collect$$libinit$$00000000)
    __rt_lib_init_alloca_1                   0x0800018f   Thumb Code     0  libinit2.o(.ARM.Collect$$libinit$$00000030)
    __rt_lib_init_argv_1                     0x0800018f   Thumb Code     0  libinit2.o(.ARM.Collect$$libinit$$0000002E)
    __rt_lib_init_atexit_1                   0x0800018f   Thumb Code     0  libinit2.o(.ARM.Collect$$libinit$$0000001D)
    __rt_lib_init_clock_1                    0x0800018f   Thumb Code     0  libinit2.o(.ARM.Collect$$libinit$$00000023)
    __rt_lib_init_cpp_1                      0x0800018f   Thumb Code     0  libinit2.o(.ARM.Collect$$libinit$$00000034)
    __rt_lib_init_exceptions_1               0x0800018f   Thumb Code     0  libinit2.o(.ARM.Collect$$libinit$$00000032)
    __rt_lib_init_fp_1                       0x0800018f   Thumb Code     0  libinit2.o(.ARM.Collect$$libinit$$00000002)
    __rt_lib_init_fp_trap_1                  0x0800018f   Thumb Code     0  libinit2.o(.ARM.Collect$$libinit$$00000021)
    __rt_lib_init_getenv_1                   0x0800018f   Thumb Code     0  libinit2.o(.ARM.Collect$$libinit$$00000025)
    __rt_lib_init_heap_1                     0x0800018f   Thumb Code     0  libinit2.o(.ARM.Collect$$libinit$$0000000C)
    __rt_lib_init_lc_collate_1               0x0800018f   Thumb Code     0  libinit2.o(.ARM.Collect$$libinit$$00000013)
    __rt_lib_init_lc_ctype_1                 0x0800018f   Thumb Code     0  libinit2.o(.ARM.Collect$$libinit$$00000015)
    __rt_lib_init_lc_monetary_1              0x0800018f   Thumb Code     0  libinit2.o(.ARM.Collect$$libinit$$00000017)
    __rt_lib_init_lc_numeric_1               0x0800018f   Thumb Code     0  libinit2.o(.ARM.Collect$$libinit$$00000019)
    __rt_lib_init_lc_time_1                  0x0800018f   Thumb Code     0  libinit2.o(.ARM.Collect$$libinit$$0000001B)
    __rt_lib_init_preinit_1                  0x0800018f   Thumb Code     0  libinit2.o(.ARM.Collect$$libinit$$00000006)
    __rt_lib_init_rand_1                     0x0800018f   Thumb Code     0  libinit2.o(.ARM.Collect$$libinit$$00000010)
    __rt_lib_init_relocate_pie_1             0x0800018f   Thumb Code     0  libinit2.o(.ARM.Collect$$libinit$$00000004)
    __rt_lib_init_return                     0x0800018f   Thumb Code     0  libinit2.o(.ARM.Collect$$libinit$$00000035)
    __rt_lib_init_signal_1                   0x0800018f   Thumb Code     0  libinit2.o(.ARM.Collect$$libinit$$0000001F)
    __rt_lib_init_stdio_1                    0x0800018f   Thumb Code     0  libinit2.o(.ARM.Collect$$libinit$$00000027)
    __rt_lib_init_user_alloc_1               0x0800018f   Thumb Code     0  libinit2.o(.ARM.Collect$$libinit$$0000000E)
    __rt_lib_shutdown                        0x08000191   Thumb Code     0  libshutdown.o(.ARM.Collect$$libshutdown$$00000000)
    __rt_lib_shutdown_cpp_1                  0x08000193   Thumb Code     0  libshutdown2.o(.ARM.Collect$$libshutdown$$00000002)
    __rt_lib_shutdown_fp_trap_1              0x08000193   Thumb Code     0  libshutdown2.o(.ARM.Collect$$libshutdown$$00000007)
    __rt_lib_shutdown_heap_1                 0x08000193   Thumb Code     0  libshutdown2.o(.ARM.Collect$$libshutdown$$0000000F)
    __rt_lib_shutdown_return                 0x08000193   Thumb Code     0  libshutdown2.o(.ARM.Collect$$libshutdown$$00000010)
    __rt_lib_shutdown_signal_1               0x08000193   Thumb Code     0  libshutdown2.o(.ARM.Collect$$libshutdown$$0000000A)
    __rt_lib_shutdown_stdio_1                0x08000193   Thumb Code     0  libshutdown2.o(.ARM.Collect$$libshutdown$$00000004)
    __rt_lib_shutdown_user_alloc_1           0x08000193   Thumb Code     0  libshutdown2.o(.ARM.Collect$$libshutdown$$0000000C)
    __rt_entry                               0x08000195   Thumb Code     0  __rtentry.o(.ARM.Collect$$rtentry$$00000000)
    __rt_entry_presh_1                       0x08000195   Thumb Code     0  __rtentry2.o(.ARM.Collect$$rtentry$$00000002)
    __rt_entry_sh                            0x08000195   Thumb Code     0  __rtentry4.o(.ARM.Collect$$rtentry$$00000004)
    __rt_entry_li                            0x0800019b   Thumb Code     0  __rtentry2.o(.ARM.Collect$$rtentry$$0000000A)
    __rt_entry_postsh_1                      0x0800019b   Thumb Code     0  __rtentry2.o(.ARM.Collect$$rtentry$$00000009)
    __rt_entry_main                          0x0800019f   Thumb Code     0  __rtentry2.o(.ARM.Collect$$rtentry$$0000000D)
    __rt_entry_postli_1                      0x0800019f   Thumb Code     0  __rtentry2.o(.ARM.Collect$$rtentry$$0000000C)
    __rt_exit                                0x080001a7   Thumb Code     0  rtexit.o(.ARM.Collect$$rtexit$$00000000)
    __rt_exit_ls                             0x080001a9   Thumb Code     0  rtexit2.o(.ARM.Collect$$rtexit$$00000003)
    __rt_exit_prels_1                        0x080001a9   Thumb Code     0  rtexit2.o(.ARM.Collect$$rtexit$$00000002)
    __rt_exit_exit                           0x080001ad   Thumb Code     0  rtexit2.o(.ARM.Collect$$rtexit$$00000004)
    Reset_Handler                            0x080001b5   Thumb Code     8  startup_stm32f10x_md.o(.text)
    ADC1_2_IRQHandler                        0x080001cf   Thumb Code     0  startup_stm32f10x_md.o(.text)
    CAN1_RX1_IRQHandler                      0x080001cf   Thumb Code     0  startup_stm32f10x_md.o(.text)
    CAN1_SCE_IRQHandler                      0x080001cf   Thumb Code     0  startup_stm32f10x_md.o(.text)
    DMA1_Channel1_IRQHandler                 0x080001cf   Thumb Code     0  startup_stm32f10x_md.o(.text)
    DMA1_Channel2_IRQHandler                 0x080001cf   Thumb Code     0  startup_stm32f10x_md.o(.text)
    DMA1_Channel3_IRQHandler                 0x080001cf   Thumb Code     0  startup_stm32f10x_md.o(.text)
    DMA1_Channel4_IRQHandler                 0x080001cf   Thumb Code     0  startup_stm32f10x_md.o(.text)
    DMA1_Channel5_IRQHandler                 0x080001cf   Thumb Code     0  startup_stm32f10x_md.o(.text)
    DMA1_Channel6_IRQHandler                 0x080001cf   Thumb Code     0  startup_stm32f10x_md.o(.text)
    DMA1_Channel7_IRQHandler                 0x080001cf   Thumb Code     0  startup_stm32f10x_md.o(.text)
    EXTI0_IRQHandler                         0x080001cf   Thumb Code     0  startup_stm32f10x_md.o(.text)
    EXTI1_IRQHandler                         0x080001cf   Thumb Code     0  startup_stm32f10x_md.o(.text)
    EXTI2_IRQHandler                         0x080001cf   Thumb Code     0  startup_stm32f10x_md.o(.text)
    EXTI3_IRQHandler                         0x080001cf   Thumb Code     0  startup_stm32f10x_md.o(.text)
    EXTI4_IRQHandler                         0x080001cf   Thumb Code     0  startup_stm32f10x_md.o(.text)
    EXTI9_5_IRQHandler                       0x080001cf   Thumb Code     0  startup_stm32f10x_md.o(.text)
    FLASH_IRQHandler                         0x080001cf   Thumb Code     0  startup_stm32f10x_md.o(.text)
    I2C1_ER_IRQHandler                       0x080001cf   Thumb Code     0  startup_stm32f10x_md.o(.text)
    I2C1_EV_IRQHandler                       0x080001cf   Thumb Code     0  startup_stm32f10x_md.o(.text)
    I2C2_ER_IRQHandler                       0x080001cf   Thumb Code     0  startup_stm32f10x_md.o(.text)
    I2C2_EV_IRQHandler                       0x080001cf   Thumb Code     0  startup_stm32f10x_md.o(.text)
    PVD_IRQHandler                           0x080001cf   Thumb Code     0  startup_stm32f10x_md.o(.text)
    RCC_IRQHandler                           0x080001cf   Thumb Code     0  startup_stm32f10x_md.o(.text)
    RTCAlarm_IRQHandler                      0x080001cf   Thumb Code     0  startup_stm32f10x_md.o(.text)
    RTC_IRQHandler                           0x080001cf   Thumb Code     0  startup_stm32f10x_md.o(.text)
    SPI1_IRQHandler                          0x080001cf   Thumb Code     0  startup_stm32f10x_md.o(.text)
    SPI2_IRQHandler                          0x080001cf   Thumb Code     0  startup_stm32f10x_md.o(.text)
    TAMPER_IRQHandler                        0x080001cf   Thumb Code     0  startup_stm32f10x_md.o(.text)
    TIM1_BRK_IRQHandler                      0x080001cf   Thumb Code     0  startup_stm32f10x_md.o(.text)
    TIM1_CC_IRQHandler                       0x080001cf   Thumb Code     0  startup_stm32f10x_md.o(.text)
    TIM1_TRG_COM_IRQHandler                  0x080001cf   Thumb Code     0  startup_stm32f10x_md.o(.text)
    TIM1_UP_IRQHandler                       0x080001cf   Thumb Code     0  startup_stm32f10x_md.o(.text)
    TIM2_IRQHandler                          0x080001cf   Thumb Code     0  startup_stm32f10x_md.o(.text)
    TIM4_IRQHandler                          0x080001cf   Thumb Code     0  startup_stm32f10x_md.o(.text)
    USART1_IRQHandler                        0x080001cf   Thumb Code     0  startup_stm32f10x_md.o(.text)
    USART2_IRQHandler                        0x080001cf   Thumb Code     0  startup_stm32f10x_md.o(.text)
    USART3_IRQHandler                        0x080001cf   Thumb Code     0  startup_stm32f10x_md.o(.text)
    USBWakeUp_IRQHandler                     0x080001cf   Thumb Code     0  startup_stm32f10x_md.o(.text)
    USB_HP_CAN1_TX_IRQHandler                0x080001cf   Thumb Code     0  startup_stm32f10x_md.o(.text)
    USB_LP_CAN1_RX0_IRQHandler               0x080001cf   Thumb Code     0  startup_stm32f10x_md.o(.text)
    WWDG_IRQHandler                          0x080001cf   Thumb Code     0  startup_stm32f10x_md.o(.text)
    __user_initial_stackheap                 0x080001d1   Thumb Code     0  startup_stm32f10x_md.o(.text)
    __aeabi_memclr4                          0x080001f5   Thumb Code     0  rt_memclr_w.o(.text)
    __aeabi_memclr8                          0x080001f5   Thumb Code     0  rt_memclr_w.o(.text)
    __rt_memclr_w                            0x080001f5   Thumb Code     0  rt_memclr_w.o(.text)
    _memset_w                                0x080001f9   Thumb Code    74  rt_memclr_w.o(.text)
    __use_two_region_memory                  0x08000243   Thumb Code     2  heapauxi.o(.text)
    __rt_heap_escrow$2region                 0x08000245   Thumb Code     2  heapauxi.o(.text)
    __rt_heap_expand$2region                 0x08000247   Thumb Code     2  heapauxi.o(.text)
    __user_libspace                          0x08000249   Thumb Code     8  libspace.o(.text)
    __user_perproc_libspace                  0x08000249   Thumb Code     0  libspace.o(.text)
    __user_perthread_libspace                0x08000249   Thumb Code     0  libspace.o(.text)
    __user_setup_stackheap                   0x08000251   Thumb Code    74  sys_stackheap_outer.o(.text)
    exit                                     0x0800029b   Thumb Code    18  exit.o(.text)
    _sys_exit                                0x080002ad   Thumb Code     8  sys_exit.o(.text)
    __I$use$semihosting                      0x080002b9   Thumb Code     0  use_no_semi.o(.text)
    __use_no_semihosting_swi                 0x080002b9   Thumb Code     2  use_no_semi.o(.text)
    __semihosting_library_function           0x080002bb   Thumb Code     0  indicate_semi.o(.text)
    BusFault_Handler                         0x080002bd   Thumb Code     2  stm32f10x_it.o(.text.BusFault_Handler)
    DebugMon_Handler                         0x080002c1   Thumb Code     2  stm32f10x_it.o(.text.DebugMon_Handler)
    EXTI15_10_IRQHandler                     0x080002c5   Thumb Code   136  hw_fd07_3.o(.text.EXTI15_10_IRQHandler)
    EXTI_ClearITPendingBit                   0x0800034d   Thumb Code    12  stm32f10x_exti.o(.text.EXTI_ClearITPendingBit)
    EXTI_GetITStatus                         0x08000359   Thumb Code    30  stm32f10x_exti.o(.text.EXTI_GetITStatus)
    EXTI_Init                                0x08000379   Thumb Code   104  stm32f10x_exti.o(.text.EXTI_Init)
    EXTI_StructInit                          0x080003e1   Thumb Code    14  stm32f10x_exti.o(.text.EXTI_StructInit)
    FD07_3_Get_Dist                          0x080003f1   Thumb Code   192  hw_fd07_3.o(.text.FD07_3_Get_Dist)
    FD07_3_Start                             0x080004b1   Thumb Code    36  hw_fd07_3.o(.text.FD07_3_Start)
    Find_Median                              0x080004d5   Thumb Code    88  lowpass_filter.o(.text.Find_Median)
    GPIO_EXTILineConfig                      0x0800052d   Thumb Code    54  stm32f10x_gpio.o(.text.GPIO_EXTILineConfig)
    GPIO_Init                                0x08000565   Thumb Code   188  stm32f10x_gpio.o(.text.GPIO_Init)
    GPIO_PinRemapConfig                      0x08000621   Thumb Code   128  stm32f10x_gpio.o(.text.GPIO_PinRemapConfig)
    GPIO_ReadInputDataBit                    0x080006a1   Thumb Code    10  stm32f10x_gpio.o(.text.GPIO_ReadInputDataBit)
    GPIO_ResetBits                           0x080006ad   Thumb Code     4  stm32f10x_gpio.o(.text.GPIO_ResetBits)
    GPIO_SetBits                             0x080006b1   Thumb Code     4  stm32f10x_gpio.o(.text.GPIO_SetBits)
    GPIO_StructInit                          0x080006b5   Thumb Code    12  stm32f10x_gpio.o(.text.GPIO_StructInit)
    GPIO_WriteBit                            0x080006c1   Thumb Code    12  stm32f10x_gpio.o(.text.GPIO_WriteBit)
    HW_FD07_3_Init                           0x080006cd   Thumb Code    92  hw_fd07_3.o(.text.HW_FD07_3_Init)
    HW_OLED_Init                             0x08000729   Thumb Code   260  hw_oled.o(.text.HW_OLED_Init)
    HW_OLED_Show                             0x0800082d   Thumb Code     2  hw_oled.o(.text.HW_OLED_Show)
    HW_Signal_Init                           0x08000831   Thumb Code    42  hw_signal.o(.text.HW_Signal_Init)
    HW_Signal_Off                            0x0800085d   Thumb Code    32  hw_signal.o(.text.HW_Signal_Off)
    HW_Signal_On                             0x0800087d   Thumb Code    32  hw_signal.o(.text.HW_Signal_On)
    HW_USART1_Control                        0x0800089d   Thumb Code   132  hw_serial.o(.text.HW_USART1_Control)
    HardFault_Handler                        0x08000921   Thumb Code     2  stm32f10x_it.o(.text.HardFault_Handler)
    MemManage_Handler                        0x08000925   Thumb Code     2  stm32f10x_it.o(.text.MemManage_Handler)
    NMI_Handler                              0x08000929   Thumb Code     2  stm32f10x_it.o(.text.NMI_Handler)
    NVIC_Init                                0x0800092d   Thumb Code    94  misc.o(.text.NVIC_Init)
    NVIC_PriorityGroupConfig                 0x0800098d   Thumb Code    20  misc.o(.text.NVIC_PriorityGroupConfig)
    OLED_I2C_SendByte                        0x080009a1   Thumb Code    92  hw_oled.o(.text.OLED_I2C_SendByte)
    OLED_I2C_WriteCommand                    0x080009fd   Thumb Code   178  hw_oled.o(.text.OLED_I2C_WriteCommand)
    OLED_I2C_WriteData                       0x08000ab1   Thumb Code   132  hw_oled.o(.text.OLED_I2C_WriteData)
    PendSV_Handler                           0x08000b35   Thumb Code     2  stm32f10x_it.o(.text.PendSV_Handler)
    RCC_AHBPeriphClockCmd                    0x08000b39   Thumb Code    24  stm32f10x_rcc.o(.text.RCC_AHBPeriphClockCmd)
    RCC_APB1PeriphClockCmd                   0x08000b51   Thumb Code    24  stm32f10x_rcc.o(.text.RCC_APB1PeriphClockCmd)
    RCC_APB2PeriphClockCmd                   0x08000b69   Thumb Code    24  stm32f10x_rcc.o(.text.RCC_APB2PeriphClockCmd)
    RCC_GetClocksFreq                        0x08000b81   Thumb Code   140  stm32f10x_rcc.o(.text.RCC_GetClocksFreq)
    SVC_Handler                              0x08000c0d   Thumb Code     2  stm32f10x_it.o(.text.SVC_Handler)
    SysTick_Handler                          0x08000c11   Thumb Code     2  stm32f10x_it.o(.text.SysTick_Handler)
    SystemInit                               0x08000c15   Thumb Code   272  system_stm32f10x.o(.text.SystemInit)
    TIM3_IRQHandler                          0x08000d25   Thumb Code    36  hw_fd07_3.o(.text.TIM3_IRQHandler)
    TIM_ClearITPendingBit                    0x08000d49   Thumb Code     6  stm32f10x_tim.o(.text.TIM_ClearITPendingBit)
    TIM_Cmd                                  0x08000d51   Thumb Code    18  stm32f10x_tim.o(.text.TIM_Cmd)
    TIM_GetCounter                           0x08000d65   Thumb Code     4  stm32f10x_tim.o(.text.TIM_GetCounter)
    TIM_GetITStatus                          0x08000d69   Thumb Code    24  stm32f10x_tim.o(.text.TIM_GetITStatus)
    TIM_ITConfig                             0x08000d81   Thumb Code    16  stm32f10x_tim.o(.text.TIM_ITConfig)
    TIM_InternalClockConfig                  0x08000d91   Thumb Code    10  stm32f10x_tim.o(.text.TIM_InternalClockConfig)
    TIM_SetCounter                           0x08000d9d   Thumb Code     4  stm32f10x_tim.o(.text.TIM_SetCounter)
    TIM_TimeBaseInit                         0x08000da1   Thumb Code   170  stm32f10x_tim.o(.text.TIM_TimeBaseInit)
    TIM_TimeBaseStructInit                   0x08000e4d   Thumb Code    20  stm32f10x_tim.o(.text.TIM_TimeBaseStructInit)
    USART_Cmd                                0x08000e61   Thumb Code    20  stm32f10x_usart.o(.text.USART_Cmd)
    USART_GetFlagStatus                      0x08000e75   Thumb Code    10  stm32f10x_usart.o(.text.USART_GetFlagStatus)
    USART_ITConfig                           0x08000e81   Thumb Code    46  stm32f10x_usart.o(.text.USART_ITConfig)
    USART_Init                               0x08000eb1   Thumb Code   182  stm32f10x_usart.o(.text.USART_Init)
    USART_SendData                           0x08000f69   Thumb Code     8  stm32f10x_usart.o(.text.USART_SendData)
    UsageFault_Handler                       0x08000f71   Thumb Code     2  stm32f10x_it.o(.text.UsageFault_Handler)
    User_Delay_Ms                            0x08000f75   Thumb Code    62  user_delay.o(.text.User_Delay_Ms)
    User_EXTI_Init                           0x08000fb5   Thumb Code    44  user_exti.o(.text.User_EXTI_Init)
    User_GPIO_All_Init                       0x08000fe1   Thumb Code   100  user_gpio.o(.text.User_GPIO_All_Init)
    User_NVIC_All_Init                       0x08001045   Thumb Code    72  user_nvic.o(.text.User_NVIC_All_Init)
    User_Serial_Init                         0x0800108d   Thumb Code    60  user_serial.o(.text.User_Serial_Init)
    User_Serial_SendByte                     0x080010c9   Thumb Code    22  user_serial.o(.text.User_Serial_SendByte)
    User_TIM_Base_Init                       0x080010e1   Thumb Code    54  user_tim.o(.text.User_TIM_Base_Init)
    main                                     0x08001119   Thumb Code   238  main.o(.text.main)
    Region$$Table$$Base                      0x08001234   Number         0  anon$$obj.o(Region$$Table)
    Region$$Table$$Limit                     0x08001254   Number         0  anon$$obj.o(Region$$Table)
    fd07_3_pin_E                             0x20000000   Data          12  hw_fd07_3.o(.data.fd07_3_pin_E)
    fd07_3_pin_T                             0x2000000c   Data          36  hw_fd07_3.o(.data.fd07_3_pin_T)
    signal_gpio                              0x20000030   Data          12  hw_signal.o(.data.signal_gpio)
    __libspace_start                         0x20000040   Data          96  libspace.o(.bss)
    OLED_DisplayBuf                          0x200000a0   Data        1024  hw_oled.o(.bss.OLED_DisplayBuf)
    __temporary_stack_top$libspace           0x200000a0   Data           0  libspace.o(.bss)
    fd07_3_buffer_index                      0x200004a0   Data           1  hw_fd07_3.o(.bss.fd07_3_buffer_index)
    fd07_3_dist                              0x200004a2   Data          12  hw_fd07_3.o(.bss.fd07_3_dist)
    fd07_3_dist_buffer                       0x200004ae   Data          30  hw_fd07_3.o(.bss.fd07_3_dist_buffer)
    fd07_3_end_time                          0x200004cc   Data          12  hw_fd07_3.o(.bss.fd07_3_end_time)
    fd07_3_send_flag                         0x200004d8   Data           1  hw_fd07_3.o(.bss.fd07_3_send_flag)
    fd07_3_start_time                        0x200004dc   Data          12  hw_fd07_3.o(.bss.fd07_3_start_time)
    fd07_3_updateflag                        0x200004e8   Data           1  hw_fd07_3.o(.bss.fd07_3_updateflag)
    rx_data                                  0x200004e9   Data           1  hw_serial.o(.bss.rx_data)



==============================================================================

Memory Map of the image

  Image Entry point : 0x080000ed

  Load Region LR_IROM1 (Base: 0x08000000, Size: 0x00001298, Max: 0x00010000, ABSOLUTE)

    Execution Region ER_IROM1 (Exec base: 0x08000000, Load base: 0x08000000, Size: 0x00001254, Max: 0x00010000, ABSOLUTE)

    Exec Addr    Load Addr    Size         Type   Attr      Idx    E Section Name        Object

    0x08000000   0x08000000   0x000000ec   Data   RO            3    RESET               startup_stm32f10x_md.o
    0x080000ec   0x080000ec   0x00000008   Code   RO         1583  * !!!main             c_w.l(__main.o)
    0x080000f4   0x080000f4   0x0000005c   Code   RO         2035    !!!scatter          c_w.l(__scatter.o)
    0x08000150   0x08000150   0x0000001a   Code   RO         2039    !!handler_copy      c_w.l(__scatter_copy.o)
    0x0800016a   0x0800016a   0x00000002   PAD
    0x0800016c   0x0800016c   0x00000002   Code   RO         2036    !!handler_null      c_w.l(__scatter.o)
    0x0800016e   0x0800016e   0x00000002   PAD
    0x08000170   0x08000170   0x0000001c   Code   RO         2041    !!handler_zi        c_w.l(__scatter_zi.o)
    0x0800018c   0x0800018c   0x00000002   Code   RO         1885    .ARM.Collect$$libinit$$00000000  c_w.l(libinit.o)
    0x0800018e   0x0800018e   0x00000000   Code   RO         1898    .ARM.Collect$$libinit$$00000002  c_w.l(libinit2.o)
    0x0800018e   0x0800018e   0x00000000   Code   RO         1900    .ARM.Collect$$libinit$$00000004  c_w.l(libinit2.o)
    0x0800018e   0x0800018e   0x00000000   Code   RO         1902    .ARM.Collect$$libinit$$00000006  c_w.l(libinit2.o)
    0x0800018e   0x0800018e   0x00000000   Code   RO         1905    .ARM.Collect$$libinit$$0000000C  c_w.l(libinit2.o)
    0x0800018e   0x0800018e   0x00000000   Code   RO         1907    .ARM.Collect$$libinit$$0000000E  c_w.l(libinit2.o)
    0x0800018e   0x0800018e   0x00000000   Code   RO         1909    .ARM.Collect$$libinit$$00000010  c_w.l(libinit2.o)
    0x0800018e   0x0800018e   0x00000000   Code   RO         1912    .ARM.Collect$$libinit$$00000013  c_w.l(libinit2.o)
    0x0800018e   0x0800018e   0x00000000   Code   RO         1914    .ARM.Collect$$libinit$$00000015  c_w.l(libinit2.o)
    0x0800018e   0x0800018e   0x00000000   Code   RO         1916    .ARM.Collect$$libinit$$00000017  c_w.l(libinit2.o)
    0x0800018e   0x0800018e   0x00000000   Code   RO         1918    .ARM.Collect$$libinit$$00000019  c_w.l(libinit2.o)
    0x0800018e   0x0800018e   0x00000000   Code   RO         1920    .ARM.Collect$$libinit$$0000001B  c_w.l(libinit2.o)
    0x0800018e   0x0800018e   0x00000000   Code   RO         1922    .ARM.Collect$$libinit$$0000001D  c_w.l(libinit2.o)
    0x0800018e   0x0800018e   0x00000000   Code   RO         1924    .ARM.Collect$$libinit$$0000001F  c_w.l(libinit2.o)
    0x0800018e   0x0800018e   0x00000000   Code   RO         1926    .ARM.Collect$$libinit$$00000021  c_w.l(libinit2.o)
    0x0800018e   0x0800018e   0x00000000   Code   RO         1928    .ARM.Collect$$libinit$$00000023  c_w.l(libinit2.o)
    0x0800018e   0x0800018e   0x00000000   Code   RO         1930    .ARM.Collect$$libinit$$00000025  c_w.l(libinit2.o)
    0x0800018e   0x0800018e   0x00000000   Code   RO         1932    .ARM.Collect$$libinit$$00000027  c_w.l(libinit2.o)
    0x0800018e   0x0800018e   0x00000000   Code   RO         1936    .ARM.Collect$$libinit$$0000002E  c_w.l(libinit2.o)
    0x0800018e   0x0800018e   0x00000000   Code   RO         1938    .ARM.Collect$$libinit$$00000030  c_w.l(libinit2.o)
    0x0800018e   0x0800018e   0x00000000   Code   RO         1940    .ARM.Collect$$libinit$$00000032  c_w.l(libinit2.o)
    0x0800018e   0x0800018e   0x00000000   Code   RO         1942    .ARM.Collect$$libinit$$00000034  c_w.l(libinit2.o)
    0x0800018e   0x0800018e   0x00000002   Code   RO         1943    .ARM.Collect$$libinit$$00000035  c_w.l(libinit2.o)
    0x08000190   0x08000190   0x00000002   Code   RO         1971    .ARM.Collect$$libshutdown$$00000000  c_w.l(libshutdown.o)
    0x08000192   0x08000192   0x00000000   Code   RO         1986    .ARM.Collect$$libshutdown$$00000002  c_w.l(libshutdown2.o)
    0x08000192   0x08000192   0x00000000   Code   RO         1988    .ARM.Collect$$libshutdown$$00000004  c_w.l(libshutdown2.o)
    0x08000192   0x08000192   0x00000000   Code   RO         1991    .ARM.Collect$$libshutdown$$00000007  c_w.l(libshutdown2.o)
    0x08000192   0x08000192   0x00000000   Code   RO         1994    .ARM.Collect$$libshutdown$$0000000A  c_w.l(libshutdown2.o)
    0x08000192   0x08000192   0x00000000   Code   RO         1996    .ARM.Collect$$libshutdown$$0000000C  c_w.l(libshutdown2.o)
    0x08000192   0x08000192   0x00000000   Code   RO         1999    .ARM.Collect$$libshutdown$$0000000F  c_w.l(libshutdown2.o)
    0x08000192   0x08000192   0x00000002   Code   RO         2000    .ARM.Collect$$libshutdown$$00000010  c_w.l(libshutdown2.o)
    0x08000194   0x08000194   0x00000000   Code   RO         1637    .ARM.Collect$$rtentry$$00000000  c_w.l(__rtentry.o)
    0x08000194   0x08000194   0x00000000   Code   RO         1785    .ARM.Collect$$rtentry$$00000002  c_w.l(__rtentry2.o)
    0x08000194   0x08000194   0x00000006   Code   RO         1797    .ARM.Collect$$rtentry$$00000004  c_w.l(__rtentry4.o)
    0x0800019a   0x0800019a   0x00000000   Code   RO         1787    .ARM.Collect$$rtentry$$00000009  c_w.l(__rtentry2.o)
    0x0800019a   0x0800019a   0x00000004   Code   RO         1788    .ARM.Collect$$rtentry$$0000000A  c_w.l(__rtentry2.o)
    0x0800019e   0x0800019e   0x00000000   Code   RO         1790    .ARM.Collect$$rtentry$$0000000C  c_w.l(__rtentry2.o)
    0x0800019e   0x0800019e   0x00000008   Code   RO         1791    .ARM.Collect$$rtentry$$0000000D  c_w.l(__rtentry2.o)
    0x080001a6   0x080001a6   0x00000002   Code   RO         1890    .ARM.Collect$$rtexit$$00000000  c_w.l(rtexit.o)
    0x080001a8   0x080001a8   0x00000000   Code   RO         1947    .ARM.Collect$$rtexit$$00000002  c_w.l(rtexit2.o)
    0x080001a8   0x080001a8   0x00000004   Code   RO         1948    .ARM.Collect$$rtexit$$00000003  c_w.l(rtexit2.o)
    0x080001ac   0x080001ac   0x00000006   Code   RO         1949    .ARM.Collect$$rtexit$$00000004  c_w.l(rtexit2.o)
    0x080001b2   0x080001b2   0x00000002   PAD
    0x080001b4   0x080001b4   0x00000040   Code   RO            4    .text               startup_stm32f10x_md.o
    0x080001f4   0x080001f4   0x0000004e   Code   RO         1577    .text               c_w.l(rt_memclr_w.o)
    0x08000242   0x08000242   0x00000006   Code   RO         1581    .text               c_w.l(heapauxi.o)
    0x08000248   0x08000248   0x00000008   Code   RO         1834    .text               c_w.l(libspace.o)
    0x08000250   0x08000250   0x0000004a   Code   RO         1837    .text               c_w.l(sys_stackheap_outer.o)
    0x0800029a   0x0800029a   0x00000012   Code   RO         1878    .text               c_w.l(exit.o)
    0x080002ac   0x080002ac   0x0000000c   Code   RO         1961    .text               c_w.l(sys_exit.o)
    0x080002b8   0x080002b8   0x00000002   Code   RO         1976    .text               c_w.l(use_no_semi.o)
    0x080002ba   0x080002ba   0x00000000   Code   RO         1978    .text               c_w.l(indicate_semi.o)
    0x080002ba   0x080002ba   0x00000002   PAD
    0x080002bc   0x080002bc   0x00000002   Code   RO         1555    .text.BusFault_Handler  stm32f10x_it.o
    0x080002be   0x080002be   0x00000002   PAD
    0x080002c0   0x080002c0   0x00000002   Code   RO         1561    .text.DebugMon_Handler  stm32f10x_it.o
    0x080002c2   0x080002c2   0x00000002   PAD
    0x080002c4   0x080002c4   0x00000088   Code   RO         1513    .text.EXTI15_10_IRQHandler  hw_fd07_3.o
    0x0800034c   0x0800034c   0x0000000c   Code   RO          357    .text.EXTI_ClearITPendingBit  stm32f10x_exti.o
    0x08000358   0x08000358   0x0000001e   Code   RO          355    .text.EXTI_GetITStatus  stm32f10x_exti.o
    0x08000376   0x08000376   0x00000002   PAD
    0x08000378   0x08000378   0x00000068   Code   RO          345    .text.EXTI_Init     stm32f10x_exti.o
    0x080003e0   0x080003e0   0x0000000e   Code   RO          347    .text.EXTI_StructInit  stm32f10x_exti.o
    0x080003ee   0x080003ee   0x00000002   PAD
    0x080003f0   0x080003f0   0x000000c0   Code   RO         1509    .text.FD07_3_Get_Dist  hw_fd07_3.o
    0x080004b0   0x080004b0   0x00000024   Code   RO         1505    .text.FD07_3_Start  hw_fd07_3.o
    0x080004d4   0x080004d4   0x00000058   Code   RO         1171    .text.Find_Median   lowpass_filter.o
    0x0800052c   0x0800052c   0x00000036   Code   RO          509    .text.GPIO_EXTILineConfig  stm32f10x_gpio.o
    0x08000562   0x08000562   0x00000002   PAD
    0x08000564   0x08000564   0x000000bc   Code   RO          481    .text.GPIO_Init     stm32f10x_gpio.o
    0x08000620   0x08000620   0x00000080   Code   RO          507    .text.GPIO_PinRemapConfig  stm32f10x_gpio.o
    0x080006a0   0x080006a0   0x0000000a   Code   RO          485    .text.GPIO_ReadInputDataBit  stm32f10x_gpio.o
    0x080006aa   0x080006aa   0x00000002   PAD
    0x080006ac   0x080006ac   0x00000004   Code   RO          495    .text.GPIO_ResetBits  stm32f10x_gpio.o
    0x080006b0   0x080006b0   0x00000004   Code   RO          493    .text.GPIO_SetBits  stm32f10x_gpio.o
    0x080006b4   0x080006b4   0x0000000c   Code   RO          483    .text.GPIO_StructInit  stm32f10x_gpio.o
    0x080006c0   0x080006c0   0x0000000c   Code   RO          497    .text.GPIO_WriteBit  stm32f10x_gpio.o
    0x080006cc   0x080006cc   0x0000005c   Code   RO         1503    .text.HW_FD07_3_Init  hw_fd07_3.o
    0x08000728   0x08000728   0x00000104   Code   RO         1384    .text.HW_OLED_Init  hw_oled.o
    0x0800082c   0x0800082c   0x00000002   Code   RO         1440    .text.HW_OLED_Show  hw_oled.o
    0x0800082e   0x0800082e   0x00000002   PAD
    0x08000830   0x08000830   0x0000002a   Code   RO         1458    .text.HW_Signal_Init  hw_signal.o
    0x0800085a   0x0800085a   0x00000002   PAD
    0x0800085c   0x0800085c   0x00000020   Code   RO         1454    .text.HW_Signal_Off  hw_signal.o
    0x0800087c   0x0800087c   0x00000020   Code   RO         1452    .text.HW_Signal_On  hw_signal.o
    0x0800089c   0x0800089c   0x00000084   Code   RO         1478    .text.HW_USART1_Control  hw_serial.o
    0x08000920   0x08000920   0x00000002   Code   RO         1551    .text.HardFault_Handler  stm32f10x_it.o
    0x08000922   0x08000922   0x00000002   PAD
    0x08000924   0x08000924   0x00000002   Code   RO         1553    .text.MemManage_Handler  stm32f10x_it.o
    0x08000926   0x08000926   0x00000002   PAD
    0x08000928   0x08000928   0x00000002   Code   RO         1549    .text.NMI_Handler   stm32f10x_it.o
    0x0800092a   0x0800092a   0x00000002   PAD
    0x0800092c   0x0800092c   0x0000005e   Code   RO           27    .text.NVIC_Init     misc.o
    0x0800098a   0x0800098a   0x00000002   PAD
    0x0800098c   0x0800098c   0x00000014   Code   RO           25    .text.NVIC_PriorityGroupConfig  misc.o
    0x080009a0   0x080009a0   0x0000005c   Code   RO         1372    .text.OLED_I2C_SendByte  hw_oled.o
    0x080009fc   0x080009fc   0x000000b2   Code   RO         1374    .text.OLED_I2C_WriteCommand  hw_oled.o
    0x08000aae   0x08000aae   0x00000002   PAD
    0x08000ab0   0x08000ab0   0x00000084   Code   RO         1376    .text.OLED_I2C_WriteData  hw_oled.o
    0x08000b34   0x08000b34   0x00000002   Code   RO         1563    .text.PendSV_Handler  stm32f10x_it.o
    0x08000b36   0x08000b36   0x00000002   PAD
    0x08000b38   0x08000b38   0x00000018   Code   RO          684    .text.RCC_AHBPeriphClockCmd  stm32f10x_rcc.o
    0x08000b50   0x08000b50   0x00000018   Code   RO          688    .text.RCC_APB1PeriphClockCmd  stm32f10x_rcc.o
    0x08000b68   0x08000b68   0x00000018   Code   RO          686    .text.RCC_APB2PeriphClockCmd  stm32f10x_rcc.o
    0x08000b80   0x08000b80   0x0000008c   Code   RO          682    .text.RCC_GetClocksFreq  stm32f10x_rcc.o
    0x08000c0c   0x08000c0c   0x00000002   Code   RO         1559    .text.SVC_Handler   stm32f10x_it.o
    0x08000c0e   0x08000c0e   0x00000002   PAD
    0x08000c10   0x08000c10   0x00000002   Code   RO         1565    .text.SysTick_Handler  stm32f10x_it.o
    0x08000c12   0x08000c12   0x00000002   PAD
    0x08000c14   0x08000c14   0x00000110   Code   RO           11    .text.SystemInit    system_stm32f10x.o
    0x08000d24   0x08000d24   0x00000024   Code   RO         1515    .text.TIM3_IRQHandler  hw_fd07_3.o
    0x08000d48   0x08000d48   0x00000006   Code   RO         1046    .text.TIM_ClearITPendingBit  stm32f10x_tim.o
    0x08000d4e   0x08000d4e   0x00000002   PAD
    0x08000d50   0x08000d50   0x00000012   Code   RO          908    .text.TIM_Cmd       stm32f10x_tim.o
    0x08000d62   0x08000d62   0x00000002   PAD
    0x08000d64   0x08000d64   0x00000004   Code   RO         1036    .text.TIM_GetCounter  stm32f10x_tim.o
    0x08000d68   0x08000d68   0x00000018   Code   RO         1044    .text.TIM_GetITStatus  stm32f10x_tim.o
    0x08000d80   0x08000d80   0x00000010   Code   RO          912    .text.TIM_ITConfig  stm32f10x_tim.o
    0x08000d90   0x08000d90   0x0000000a   Code   RO          920    .text.TIM_InternalClockConfig  stm32f10x_tim.o
    0x08000d9a   0x08000d9a   0x00000002   PAD
    0x08000d9c   0x08000d9c   0x00000004   Code   RO         1014    .text.TIM_SetCounter  stm32f10x_tim.o
    0x08000da0   0x08000da0   0x000000aa   Code   RO          876    .text.TIM_TimeBaseInit  stm32f10x_tim.o
    0x08000e4a   0x08000e4a   0x00000002   PAD
    0x08000e4c   0x08000e4c   0x00000014   Code   RO          900    .text.TIM_TimeBaseStructInit  stm32f10x_tim.o
    0x08000e60   0x08000e60   0x00000014   Code   RO         1066    .text.USART_Cmd     stm32f10x_usart.o
    0x08000e74   0x08000e74   0x0000000a   Code   RO         1106    .text.USART_GetFlagStatus  stm32f10x_usart.o
    0x08000e7e   0x08000e7e   0x00000002   PAD
    0x08000e80   0x08000e80   0x0000002e   Code   RO         1068    .text.USART_ITConfig  stm32f10x_usart.o
    0x08000eae   0x08000eae   0x00000002   PAD
    0x08000eb0   0x08000eb0   0x000000b6   Code   RO         1058    .text.USART_Init    stm32f10x_usart.o
    0x08000f66   0x08000f66   0x00000002   PAD
    0x08000f68   0x08000f68   0x00000008   Code   RO         1082    .text.USART_SendData  stm32f10x_usart.o
    0x08000f70   0x08000f70   0x00000002   Code   RO         1557    .text.UsageFault_Handler  stm32f10x_it.o
    0x08000f72   0x08000f72   0x00000002   PAD
    0x08000f74   0x08000f74   0x0000003e   Code   RO         1233    .text.User_Delay_Ms  user_delay.o
    0x08000fb2   0x08000fb2   0x00000002   PAD
    0x08000fb4   0x08000fb4   0x0000002c   Code   RO         1254    .text.User_EXTI_Init  user_exti.o
    0x08000fe0   0x08000fe0   0x00000064   Code   RO         1265    .text.User_GPIO_All_Init  user_gpio.o
    0x08001044   0x08001044   0x00000048   Code   RO         1294    .text.User_NVIC_All_Init  user_nvic.o
    0x0800108c   0x0800108c   0x0000003c   Code   RO         1304    .text.User_Serial_Init  user_serial.o
    0x080010c8   0x080010c8   0x00000016   Code   RO         1306    .text.User_Serial_SendByte  user_serial.o
    0x080010de   0x080010de   0x00000002   PAD
    0x080010e0   0x080010e0   0x00000036   Code   RO         1322    .text.User_TIM_Base_Init  user_tim.o
    0x08001116   0x08001116   0x00000002   PAD
    0x08001118   0x08001118   0x000000ee   Code   RO         1536    .text.main          main.o
    0x08001206   0x08001206   0x00000002   PAD
    0x08001208   0x08001208   0x00000018   Data   RO         1539    .rodata..L__const.User_HW_Init.nvic_group  main.o
    0x08001220   0x08001220   0x00000004   Data   RO          707    .rodata.ADCPrescTable  stm32f10x_rcc.o
    0x08001224   0x08001224   0x00000010   Data   RO          706    .rodata.APBAHBPrescTable  stm32f10x_rcc.o
    0x08001234   0x08001234   0x00000020   Data   RO         2034    Region$$Table       anon$$obj.o


    Execution Region RW_IRAM1 (Exec base: 0x20000000, Load base: 0x08001258, Size: 0x00000af0, Max: 0x00005000, ABSOLUTE)

    Exec Addr    Load Addr    Size         Type   Attr      Idx    E Section Name        Object

    0x20000000   0x08001258   0x0000000c   Data   RW         1517    .data.fd07_3_pin_E  hw_fd07_3.o
    0x2000000c   0x08001264   0x00000024   Data   RW         1518    .data.fd07_3_pin_T  hw_fd07_3.o
    0x20000030   0x08001288   0x0000000c   Data   RW         1460    .data.signal_gpio   hw_signal.o
    0x2000003c   0x08001294   0x00000004   PAD
    0x20000040        -       0x00000060   Zero   RW         1835    .bss                c_w.l(libspace.o)
    0x200000a0        -       0x00000400   Zero   RW         1443    .bss.OLED_DisplayBuf  hw_oled.o
    0x200004a0        -       0x00000001   Zero   RW         1523    .bss.fd07_3_buffer_index  hw_fd07_3.o
    0x200004a1   0x08001294   0x00000001   PAD
    0x200004a2        -       0x0000000c   Zero   RW         1524    .bss.fd07_3_dist    hw_fd07_3.o
    0x200004ae        -       0x0000001e   Zero   RW         1522    .bss.fd07_3_dist_buffer  hw_fd07_3.o
    0x200004cc        -       0x0000000c   Zero   RW         1521    .bss.fd07_3_end_time  hw_fd07_3.o
    0x200004d8        -       0x00000001   Zero   RW         1525    .bss.fd07_3_send_flag  hw_fd07_3.o
    0x200004d9   0x08001294   0x00000003   PAD
    0x200004dc        -       0x0000000c   Zero   RW         1520    .bss.fd07_3_start_time  hw_fd07_3.o
    0x200004e8        -       0x00000001   Zero   RW         1519    .bss.fd07_3_updateflag  hw_fd07_3.o
    0x200004e9        -       0x00000001   Zero   RW         1484    .bss.rx_data        hw_serial.o
    0x200004ea   0x08001294   0x00000006   PAD
    0x200004f0        -       0x00000200   Zero   RW            2    HEAP                startup_stm32f10x_md.o
    0x200006f0        -       0x00000400   Zero   RW            1    STACK               startup_stm32f10x_md.o


==============================================================================

Image component sizes


      Code (inc. data)   RO Data    RW Data    ZI Data      Debug   Object Name

       492          0          0         48         69       5239   hw_fd07_3.o
       664          0          0          0       1024      36729   hw_oled.o
       132         36          0          0          1       1500   hw_serial.o
       106          0          0         12          0       2784   hw_signal.o
        88          0          0          0          0       1526   lowpass_filter.o
       238          0         24          0          0       3743   main.o
       114          0          0          0          0       3389   misc.o
        64         26        236          0       1536        836   startup_stm32f10x_md.o
       160          0          0          0          0       2814   stm32f10x_exti.o
       412          0          0          0          0       5958   stm32f10x_gpio.o
        18          0          0          0          0        984   stm32f10x_it.o
       212          0         20          0          0       8295   stm32f10x_rcc.o
       272          0          0          0          0      29671   stm32f10x_tim.o
       266          0          0          0          0       8617   stm32f10x_usart.o
       272          0          0          0          0       2698   system_stm32f10x.o
        62          0          0          0          0       1399   user_delay.o
        44          0          0          0          0       1398   user_exti.o
       100          0          0          0          0       2551   user_gpio.o
        72          0          0          0          0       2061   user_nvic.o
        82          0          0          0          0       4030   user_serial.o
        54          0          0          0          0       4327   user_tim.o

    ----------------------------------------------------------------------
      3980         62        312         60       2644     130549   Object Totals
         0          0         32          0          0          0   (incl. Generated)
        56          0          0          0         14          0   (incl. Padding)

    ----------------------------------------------------------------------

      Code (inc. data)   RO Data    RW Data    ZI Data      Debug   Library Member Name

         8          0          0          0          0         68   __main.o
         0          0          0          0          0          0   __rtentry.o
        12          0          0          0          0          0   __rtentry2.o
         6          0          0          0          0          0   __rtentry4.o
        94          8          0          0          0          0   __scatter.o
        26          0          0          0          0          0   __scatter_copy.o
        28          0          0          0          0          0   __scatter_zi.o
        18          0          0          0          0         80   exit.o
         6          0          0          0          0        152   heapauxi.o
         0          0          0          0          0          0   indicate_semi.o
         2          0          0          0          0          0   libinit.o
         2          0          0          0          0          0   libinit2.o
         2          0          0          0          0          0   libshutdown.o
         2          0          0          0          0          0   libshutdown2.o
         8          4          0          0         96         68   libspace.o
        78          0          0          0          0         80   rt_memclr_w.o
         2          0          0          0          0          0   rtexit.o
        10          0          0          0          0          0   rtexit2.o
        12          4          0          0          0         68   sys_exit.o
        74          0          0          0          0         80   sys_stackheap_outer.o
         2          0          0          0          0         68   use_no_semi.o

    ----------------------------------------------------------------------
       400         16          0          0         96        664   Library Totals
         8          0          0          0          0          0   (incl. Padding)

    ----------------------------------------------------------------------

      Code (inc. data)   RO Data    RW Data    ZI Data      Debug   Library Name

       392         16          0          0         96        664   c_w.l

    ----------------------------------------------------------------------
       400         16          0          0         96        664   Library Totals

    ----------------------------------------------------------------------

==============================================================================


      Code (inc. data)   RO Data    RW Data    ZI Data      Debug   

      4380         78        312         60       2740     130741   Grand Totals
      4380         78        312         60       2740     130741   ELF Image Totals
      4380         78        312         60          0          0   ROM Totals

==============================================================================

    Total RO  Size (Code + RO Data)                 4692 (   4.58kB)
    Total RW  Size (RW Data + ZI Data)              2800 (   2.73kB)
    Total ROM Size (Code + RO Data + RW Data)       4752 (   4.64kB)

==============================================================================

